Archive member included to satisfy reference by file (symbol)

C:/Users/hexzhen3x7/.pico-sdk/toolchain/14_2_Rel1/bin/../lib/gcc/arm-none-eabi/14.2.1/thumb/v6-m/nofp\libgcc.a(_dvmd_tls.o)
                              CMakeFiles/pico-freertos.dir/C_/Users/hexzhen3x7/.pico-sdk/sdk/2.1.1/src/rp2_common/pico_divider/divider_hardware.S.obj (__aeabi_idiv0)
C:/Users/hexzhen3x7/.pico-sdk/toolchain/14_2_Rel1/bin/../lib/gcc/arm-none-eabi/14.2.1/thumb/v6-m/nofp\libg.a(libc_a-calloc.o)
                              CMakeFiles/pico-freertos.dir/C_/Users/hexzhen3x7/.pico-sdk/sdk/2.1.1/src/rp2_common/pico_malloc/malloc.c.obj (calloc)
C:/Users/hexzhen3x7/.pico-sdk/toolchain/14_2_Rel1/bin/../lib/gcc/arm-none-eabi/14.2.1/thumb/v6-m/nofp\libg.a(libc_a-callocr.o)
                              C:/Users/hexzhen3x7/.pico-sdk/toolchain/14_2_Rel1/bin/../lib/gcc/arm-none-eabi/14.2.1/thumb/v6-m/nofp\libg.a(libc_a-calloc.o) (_calloc_r)
C:/Users/hexzhen3x7/.pico-sdk/toolchain/14_2_Rel1/bin/../lib/gcc/arm-none-eabi/14.2.1/thumb/v6-m/nofp\libg.a(libc_a-malloc.o)
                              CMakeFiles/pico-freertos.dir/C_/Users/hexzhen3x7/.pico-sdk/sdk/2.1.1/src/rp2_common/pico_malloc/malloc.c.obj (malloc)
C:/Users/hexzhen3x7/.pico-sdk/toolchain/14_2_Rel1/bin/../lib/gcc/arm-none-eabi/14.2.1/thumb/v6-m/nofp\libg.a(libc_a-mallocr.o)
                              C:/Users/hexzhen3x7/.pico-sdk/toolchain/14_2_Rel1/bin/../lib/gcc/arm-none-eabi/14.2.1/thumb/v6-m/nofp\libg.a(libc_a-callocr.o) (_malloc_r)
C:/Users/hexzhen3x7/.pico-sdk/toolchain/14_2_Rel1/bin/../lib/gcc/arm-none-eabi/14.2.1/thumb/v6-m/nofp\libg.a(libc_a-mlock.o)
                              C:/Users/hexzhen3x7/.pico-sdk/toolchain/14_2_Rel1/bin/../lib/gcc/arm-none-eabi/14.2.1/thumb/v6-m/nofp\libg.a(libc_a-mallocr.o) (__malloc_lock)
C:/Users/hexzhen3x7/.pico-sdk/toolchain/14_2_Rel1/bin/../lib/gcc/arm-none-eabi/14.2.1/thumb/v6-m/nofp\libg.a(libc_a-realloc.o)
                              CMakeFiles/pico-freertos.dir/C_/Users/hexzhen3x7/.pico-sdk/sdk/2.1.1/src/rp2_common/pico_malloc/malloc.c.obj (realloc)
C:/Users/hexzhen3x7/.pico-sdk/toolchain/14_2_Rel1/bin/../lib/gcc/arm-none-eabi/14.2.1/thumb/v6-m/nofp\libg.a(libc_a-reallocr.o)
                              C:/Users/hexzhen3x7/.pico-sdk/toolchain/14_2_Rel1/bin/../lib/gcc/arm-none-eabi/14.2.1/thumb/v6-m/nofp\libg.a(libc_a-realloc.o) (_realloc_r)
C:/Users/hexzhen3x7/.pico-sdk/toolchain/14_2_Rel1/bin/../lib/gcc/arm-none-eabi/14.2.1/thumb/v6-m/nofp\libg.a(libc_a-ctype_.o)
                              CMakeFiles/pico-freertos.dir/src/ssd1306_i2c.c.obj (_ctype_)
C:/Users/hexzhen3x7/.pico-sdk/toolchain/14_2_Rel1/bin/../lib/gcc/arm-none-eabi/14.2.1/thumb/v6-m/nofp\libg.a(libc_a-memcmp.o)
                              CMakeFiles/pico-freertos.dir/C_/Users/hexzhen3x7/.pico-sdk/sdk/2.1.1/src/rp2_common/pico_atomic/atomic.c.obj (memcmp)
C:/Users/hexzhen3x7/.pico-sdk/toolchain/14_2_Rel1/bin/../lib/gcc/arm-none-eabi/14.2.1/thumb/v6-m/nofp\libg.a(libc_a-memmove.o)
                              C:/Users/hexzhen3x7/.pico-sdk/toolchain/14_2_Rel1/bin/../lib/gcc/arm-none-eabi/14.2.1/thumb/v6-m/nofp\libg.a(libc_a-reallocr.o) (memmove)
C:/Users/hexzhen3x7/.pico-sdk/toolchain/14_2_Rel1/bin/../lib/gcc/arm-none-eabi/14.2.1/thumb/v6-m/nofp\libg.a(libc_a-lcltime_r.o)
                              CMakeFiles/pico-freertos.dir/C_/Users/hexzhen3x7/.pico-sdk/sdk/2.1.1/src/common/pico_util/datetime.c.obj (localtime_r)
C:/Users/hexzhen3x7/.pico-sdk/toolchain/14_2_Rel1/bin/../lib/gcc/arm-none-eabi/14.2.1/thumb/v6-m/nofp\libg.a(libc_a-mktime.o)
                              CMakeFiles/pico-freertos.dir/C_/Users/hexzhen3x7/.pico-sdk/sdk/2.1.1/src/common/pico_util/datetime.c.obj (mktime)
C:/Users/hexzhen3x7/.pico-sdk/toolchain/14_2_Rel1/bin/../lib/gcc/arm-none-eabi/14.2.1/thumb/v6-m/nofp\libg.a(libc_a-month_lengths.o)
                              C:/Users/hexzhen3x7/.pico-sdk/toolchain/14_2_Rel1/bin/../lib/gcc/arm-none-eabi/14.2.1/thumb/v6-m/nofp\libg.a(libc_a-lcltime_r.o) (__month_lengths)
C:/Users/hexzhen3x7/.pico-sdk/toolchain/14_2_Rel1/bin/../lib/gcc/arm-none-eabi/14.2.1/thumb/v6-m/nofp\libg.a(libc_a-tzcalc_limits.o)
                              C:/Users/hexzhen3x7/.pico-sdk/toolchain/14_2_Rel1/bin/../lib/gcc/arm-none-eabi/14.2.1/thumb/v6-m/nofp\libg.a(libc_a-lcltime_r.o) (__tzcalc_limits)
C:/Users/hexzhen3x7/.pico-sdk/toolchain/14_2_Rel1/bin/../lib/gcc/arm-none-eabi/14.2.1/thumb/v6-m/nofp\libg.a(libc_a-tzlock.o)
                              C:/Users/hexzhen3x7/.pico-sdk/toolchain/14_2_Rel1/bin/../lib/gcc/arm-none-eabi/14.2.1/thumb/v6-m/nofp\libg.a(libc_a-lcltime_r.o) (__tz_lock)
C:/Users/hexzhen3x7/.pico-sdk/toolchain/14_2_Rel1/bin/../lib/gcc/arm-none-eabi/14.2.1/thumb/v6-m/nofp\libg.a(libc_a-tzset.o)
                              C:/Users/hexzhen3x7/.pico-sdk/toolchain/14_2_Rel1/bin/../lib/gcc/arm-none-eabi/14.2.1/thumb/v6-m/nofp\libg.a(libc_a-lcltime_r.o) (_tzset_unlocked)
[...]
Memory Configuration

Name             Origin             Length             Attributes
FLASH            0x10000000         0x00200000         xr
RAM              0x20000000         0x00040000         xrw
SCRATCH_X        0x20040000         0x00001000         xrw
SCRATCH_Y        0x20041000         0x00001000         xrw
*default*        0x00000000         0xffffffff

Linker script and memory map

LOAD C:/Users/hexzhen3x7/.pico-sdk/toolchain/14_2_Rel1/bin/../lib/gcc/arm-none-eabi/14.2.1/thumb/v6-m/nofp/crti.o
LOAD C:/Users/hexzhen3x7/.pico-sdk/toolchain/14_2_Rel1/bin/../lib/gcc/arm-none-eabi/14.2.1/thumb/v6-m/nofp/crtbegin.o
LOAD C:/Users/hexzhen3x7/.pico-sdk/toolchain/14_2_Rel1/bin/../lib/gcc/arm-none-eabi/14.2.1/thumb/v6-m/nofp/crt0.o

.flash_begin    0x10000000        0x0
                0x10000000                        __flash_binary_start = .

.boot2          0x10000000      0x100
                0x10000000                        __boot2_start__ = .
 *(.boot2)
 .boot2         0x10000000      0x100 pico-sdk/src/rp2040/boot_stage2/CMakeFiles/bs2_default_library.dir/./bs2_default_padded_checksummed.S.obj
                0x10000100                        __boot2_end__ = .
                0x00000001                        ASSERT (((__boot2_end__ - __boot2_start__) == 0x100), ERROR: Pico second stage bootloader must be 256 bytes in size)

.text           0x10000100     0x7cd4
                0x10000100                        __logical_binary_start = .
 *(.vectors)
 .vectors       0x10000100       0xd4 CMakeFiles/pico-freertos.dir/C_/Users/hexzhen3x7/.pico-sdk/sdk/2.1.1/src/rp2_common/pico_crt0/crt0.S.obj
                0x10000100                __VECTOR_TABLE
                0x10000100                __vectors
                0x100001c0                isr_invalid
                0x100001c0                __default_isrs_start
                0x100001c2                isr_nmi
                0x100001c4                isr_hardfault
                0x100001c6                isr_svcall
                0x100001c8                isr_pendsv
                0x100001ca                isr_systick
                0x100001cc                isr_irq23
                0x100001cc                isr_irq18
                0x100001cc                isr_irq11
                0x100001cc                isr_irq28
                0x100001cc                isr_irq19
                0x100001cc                isr_irq0
                0x100001cc                isr_irq6
                0x100001cc                isr_irq5
                0x100001cc                isr_irq12
                0x100001cc                isr_irq22
                0x100001cc                isr_irq31
                0x100001cc                isr_irq17
                0x100001cc                isr_irq27
                0x100001cc                isr_irq30
                0x100001cc                isr_irq2
                0x100001cc                isr_irq10
                0x100001cc                isr_irq8
                0x100001cc                isr_irq24
                0x100001cc                isr_irq1
                0x100001cc                isr_irq7
                0x100001cc                isr_irq21
                0x100001cc                isr_irq20
                0x100001cc                isr_irq15
                0x100001cc                isr_irq25
                0x100001cc                isr_irq13
                0x100001cc                __unhandled_user_irq
                0x100001cc                isr_irq4
                0x100001cc                isr_irq16
                0x100001cc                isr_irq29
                0x100001cc                isr_irq26
                0x100001cc                __default_isrs_end
                0x100001cc                isr_irq3
                0x100001cc                isr_irq14
                0x100001cc                isr_irq9
                0x100001d2                unhandled_user_irq_num_in_r0
 *(.binary_info_header)
 .binary_info_header
                0x100001d4       0x14 CMakeFiles/pico-freertos.dir/C_/Users/hexzhen3x7/.pico-sdk/sdk/2.1.1/src/rp2_common/pico_crt0/crt0.S.obj
                0x100001e8                        __binary_info_header_end = .
 *(.embedded_block)
                0x100001e8                        __embedded_block_end = .
 *(.reset)
 .reset         0x100001e8       0x9c CMakeFiles/pico-freertos.dir/C_/Users/hexzhen3x7/.pico-sdk/sdk/2.1.1/src/rp2_common/pico_crt0/crt0.S.obj
                0x100001e8                _entry_point
 *(.init)
 .init          0x10000284        0x4 C:/Users/hexzhen3x7/.pico-sdk/toolchain/14_2_Rel1/bin/../lib/gcc/arm-none-eabi/14.2.1/thumb/v6-m/nofp/crti.o
                0x10000284                _init
 *(EXCLUDE_FILE(*libm.a: *libc.a:*lib_a-mem*.o *libgcc.a:) .text*)
 .text.register_tm_clones
                0x10000288       0x28 C:/Users/hexzhen3x7/.pico-sdk/toolchain/14_2_Rel1/bin/../lib/gcc/arm-none-eabi/14.2.1/thumb/v6-m/nofp/crtbegin.o
 .text.frame_dummy
                0x100002b0       0x24 C:/Users/hexzhen3x7/.pico-sdk/toolchain/14_2_Rel1/bin/../lib/gcc/arm-none-eabi/14.2.1/thumb/v6-m/nofp/crtbegin.o
 .text.vBlinkTask
                0x100002d4       0x44 CMakeFiles/pico-freertos.dir/src/main.c.obj
                0x100002d4                vBlinkTask
 .text.vLcd1602Task
                0x10000318       0x90 CMakeFiles/pico-freertos.dir/src/main.c.obj
                0x10000318                vLcd1602Task
 .text.vSsd1306Task
                0x100003a8       0xf8 CMakeFiles/pico-freertos.dir/src/main.c.obj
                0x100003a8                vSsd1306Task
 .text.main     0x100004a0       0xec CMakeFiles/pico-freertos.dir/src/main.c.obj
                0x100004a0                main
 .text.reverse  0x1000058c       0x32 CMakeFiles/pico-freertos.dir/src/ssd1306_i2c.c.obj
 *fill*         0x100005be        0x2 
 .text.FillReversedCache
                0x100005c0       0x30 CMakeFiles/pico-freertos.dir/src/ssd1306_i2c.c.obj
 .text.ssd1306_calc_render_area_buflen
                0x100005f0       0x16 CMakeFiles/pico-freertos.dir/src/ssd1306_i2c.c.obj
                0x100005f0                ssd1306_calc_render_area_buflen
 *fill*         0x10000606        0x2 
 .text.ssd1306_send_cmd
                0x10000608       0x24 CMakeFiles/pico-freertos.dir/src/ssd1306_i2c.c.obj
                0x10000608                ssd1306_send_cmd
 .text.ssd1306_send_cmd_list
                0x1000062c       0x18 CMakeFiles/pico-freertos.dir/src/ssd1306_i2c.c.obj
                0x1000062c                ssd1306_send_cmd_list
 .text.ssd1306_send_buf
                0x10000644       0x44 CMakeFiles/pico-freertos.dir/src/ssd1306_i2c.c.obj
                0x10000644                ssd1306_send_buf
 .text.ssd1306_init
                0x10000688       0x6c CMakeFiles/pico-freertos.dir/src/ssd1306_i2c.c.obj
                0x10000688                ssd1306_init
 .text.ssd1306_render
                0x100006f4       0x34 CMakeFiles/pico-freertos.dir/src/ssd1306_i2c.c.obj
                0x100006f4                ssd1306_render
 .text.ssd1306_write_char
                0x10000728       0x80 CMakeFiles/pico-freertos.dir/src/ssd1306_i2c.c.obj
                0x10000728                ssd1306_write_char
 .text.ssd1306_write_string
                0x100007a8       0x2c CMakeFiles/pico-freertos.dir/src/ssd1306_i2c.c.obj
                0x100007a8                ssd1306_write_string
 .text.i2c_write_byte
                0x100007d4       0x1c CMakeFiles/pico-freertos.dir/src/lcd_1602_i2c.c.obj
 .text.lcd_toggle_enable
                0x100007f0       0x3e CMakeFiles/pico-freertos.dir/src/lcd_1602_i2c.c.obj
 .text.lcd_send_byte
                0x1000082e       0x3c CMakeFiles/pico-freertos.dir/src/lcd_1602_i2c.c.obj
 .text.lcd_init
                0x1000086a       0x80 CMakeFiles/pico-freertos.dir/src/lcd_1602_i2c.c.obj
                0x1000086a                lcd_init
 .text.lcd_clear
                0x100008ea       0x12 CMakeFiles/pico-freertos.dir/src/lcd_1602_i2c.c.obj
                0x100008ea                lcd_clear
 .text.lcd_set_cursor
                0x100008fc       0x2c CMakeFiles/pico-freertos.dir/src/lcd_1602_i2c.c.obj
                0x100008fc                lcd_set_cursor
 .text.lcd_write_char
                0x10000928        0xa CMakeFiles/pico-freertos.dir/src/lcd_1602_i2c.c.obj
                0x10000928                lcd_write_char
 .text.lcd_write_string
                0x10000932       0x18 CMakeFiles/pico-freertos.dir/src/lcd_1602_i2c.c.obj
                0x10000932                lcd_write_string
 *fill*         0x1000094a        0x2 
 .text.gpio_set_function
                0x1000094c       0x34 CMakeFiles/pico-freertos.dir/C_/Users/hexzhen3x7/.pico-sdk/sdk/2.1.1/src/rp2_common/hardware_gpio/gpio.c.obj
                0x1000094c                gpio_set_function
 .text.gpio_set_pulls
                0x10000980       0x38 CMakeFiles/pico-freertos.dir/C_/Users/hexzhen3x7/.pico-sdk/sdk/2.1.1/src/rp2_common/hardware_gpio/gpio.c.obj
                0x10000980                gpio_set_pulls
 .text.gpio_init
                0x100009b8       0x16 CMakeFiles/pico-freertos.dir/C_/Users/hexzhen3x7/.pico-sdk/sdk/2.1.1/src/rp2_common/hardware_gpio/gpio.c.obj
                0x100009b8                gpio_init
 *fill*         0x100009ce        0x2 
 .text.panic    0x100009d0       0x30 CMakeFiles/pico-freertos.dir/C_/Users/hexzhen3x7/.pico-sdk/sdk/2.1.1/src/rp2_common/pico_platform_panic/panic.c.obj
                0x100009d0                panic
 .text.panic_unsupported
                0x10000a00        0xc CMakeFiles/pico-freertos.dir/C_/Users/hexzhen3x7/.pico-sdk/sdk/2.1.1/src/rp2_common/pico_platform_panic/panic.c.obj
                0x10000a00                panic_unsupported
 .text.hw_claim_lock
                0x10000a0c       0x18 CMakeFiles/pico-freertos.dir/C_/Users/hexzhen3x7/.pico-sdk/sdk/2.1.1/src/common/hardware_claim/claim.c.obj
                0x10000a0c                hw_claim_lock
 .text.hw_claim_unlock
                0x10000a24       0x14 CMakeFiles/pico-freertos.dir/C_/Users/hexzhen3x7/.pico-sdk/sdk/2.1.1/src/common/hardware_claim/claim.c.obj
                0x10000a24                hw_claim_unlock
 .text.hw_claim_or_assert
                0x10000a38       0x32 CMakeFiles/pico-freertos.dir/C_/Users/hexzhen3x7/.pico-sdk/sdk/2.1.1/src/common/hardware_claim/claim.c.obj
                0x10000a38                hw_claim_or_assert
 *fill*         0x10000a6a        0x2 
 .text.next_striped_spin_lock_num
                0x10000a6c       0x1c CMakeFiles/pico-freertos.dir/C_/Users/hexzhen3x7/.pico-sdk/sdk/2.1.1/src/rp2_common/hardware_sync/sync.c.obj
                0x10000a6c                next_striped_spin_lock_num
 .text.spin_lock_claim
                0x10000a88       0x18 CMakeFiles/pico-freertos.dir/C_/Users/hexzhen3x7/.pico-sdk/sdk/2.1.1/src/rp2_common/hardware_sync/sync.c.obj
                0x10000a88                spin_lock_claim
 .text.spin_locks_reset
                0x10000aa0       0x20 CMakeFiles/pico-freertos.dir/C_/Users/hexzhen3x7/.pico-sdk/sdk/2.1.1/src/rp2_common/hardware_sync_spin_lock/sync_spin_lock.c.obj
                0x10000aa0                spin_locks_reset
 .text.set_raw_irq_handler_and_unlock
                0x10000ac0       0x28 CMakeFiles/pico-freertos.dir/C_/Users/hexzhen3x7/.pico-sdk/sdk/2.1.1/src/rp2_common/hardware_irq/irq.c.obj
 .text.nvic_ipr0
                0x10000ae8        0x8 CMakeFiles/pico-freertos.dir/C_/Users/hexzhen3x7/.pico-sdk/sdk/2.1.1/src/rp2_common/hardware_irq/irq.c.obj
 .text.runtime_init_per_core_irq_priorities
                0x10000af0       0x1c CMakeFiles/pico-freertos.dir/C_/Users/hexzhen3x7/.pico-sdk/sdk/2.1.1/src/rp2_common/hardware_irq/irq.c.obj
                0x10000af0                runtime_init_per_core_irq_priorities
 .text.resolve_j_16
                0x10000b0c       0x30 CMakeFiles/pico-freertos.dir/C_/Users/hexzhen3x7/.pico-sdk/sdk/2.1.1/src/rp2_common/hardware_irq/irq.c.obj
 .text.make_j_16
                0x10000b3c       0x48 CMakeFiles/pico-freertos.dir/C_/Users/hexzhen3x7/.pico-sdk/sdk/2.1.1/src/rp2_common/hardware_irq/irq.c.obj
 .text.insert_bl_32
                0x10000b84       0x40 CMakeFiles/pico-freertos.dir/C_/Users/hexzhen3x7/.pico-sdk/sdk/2.1.1/src/rp2_common/hardware_irq/irq.c.obj
 .text.irq_is_enabled
                0x10000bc4       0x18 CMakeFiles/pico-freertos.dir/C_/Users/hexzhen3x7/.pico-sdk/sdk/2.1.1/src/rp2_common/hardware_irq/irq.c.obj
                0x10000bc4                irq_is_enabled
 .text.irq_set_mask_n_enabled
                0x10000bdc       0x1c CMakeFiles/pico-freertos.dir/C_/Users/hexzhen3x7/.pico-sdk/sdk/2.1.1/src/rp2_common/hardware_irq/irq.c.obj
                0x10000bdc                irq_set_mask_n_enabled
 .text.irq_set_enabled
                0x10000bf8       0x14 CMakeFiles/pico-freertos.dir/C_/Users/hexzhen3x7/.pico-sdk/sdk/2.1.1/src/rp2_common/hardware_irq/irq.c.obj
                0x10000bf8                irq_set_enabled
 .text.irq_get_vtable_handler
                0x10000c0c       0x10 CMakeFiles/pico-freertos.dir/C_/Users/hexzhen3x7/.pico-sdk/sdk/2.1.1/src/rp2_common/hardware_irq/irq.c.obj
                0x10000c0c                irq_get_vtable_handler
 .text.irq_set_exclusive_handler
                0x10000c1c       0x54 CMakeFiles/pico-freertos.dir/C_/Users/hexzhen3x7/.pico-sdk/sdk/2.1.1/src/rp2_common/hardware_irq/irq.c.obj
                0x10000c1c                irq_set_exclusive_handler
 .text.irq_remove_handler
                0x10000c70      0x18c CMakeFiles/pico-freertos.dir/C_/Users/hexzhen3x7/.pico-sdk/sdk/2.1.1/src/rp2_common/hardware_irq/irq.c.obj
                0x10000c70                irq_remove_handler
 .text.irq_set_priority
                0x10000dfc       0x26 CMakeFiles/pico-freertos.dir/C_/Users/hexzhen3x7/.pico-sdk/sdk/2.1.1/src/rp2_common/hardware_irq/irq.c.obj
                0x10000dfc                irq_set_priority
 *fill*         0x10000e22        0x2 
 .text.irq_add_tail_to_free_list
                0x10000e24       0xf0 CMakeFiles/pico-freertos.dir/C_/Users/hexzhen3x7/.pico-sdk/sdk/2.1.1/src/rp2_common/hardware_irq/irq.c.obj
                0x10000e24                irq_add_tail_to_free_list
 .text.lock_init
                0x10000f14       0x10 CMakeFiles/pico-freertos.dir/C_/Users/hexzhen3x7/.pico-sdk/sdk/2.1.1/src/common/pico_sync/lock_core.c.obj
                0x10000f14                lock_init
 .text.mutex_init
                0x10000f24       0x1c CMakeFiles/pico-freertos.dir/C_/Users/hexzhen3x7/.pico-sdk/sdk/2.1.1/src/common/pico_sync/mutex.c.obj
                0x10000f24                mutex_init
 .text.recursive_mutex_init
                0x10000f40       0x20 CMakeFiles/pico-freertos.dir/C_/Users/hexzhen3x7/.pico-sdk/sdk/2.1.1/src/common/pico_sync/mutex.c.obj
                0x10000f40                recursive_mutex_init
 .text.runtime_init_mutex
                0x10000f60       0x4c CMakeFiles/pico-freertos.dir/C_/Users/hexzhen3x7/.pico-sdk/sdk/2.1.1/src/common/pico_sync/mutex.c.obj
                0x10000f60                runtime_init_mutex
 .text.ta_set_timeout
                0x10000fac       0x24 CMakeFiles/pico-freertos.dir/C_/Users/hexzhen3x7/.pico-sdk/sdk/2.1.1/src/common/pico_time/time.c.obj
 .text.make_alarm_id
                0x10000fd0        0x6 CMakeFiles/pico-freertos.dir/C_/Users/hexzhen3x7/.pico-sdk/sdk/2.1.1/src/common/pico_time/time.c.obj
 *fill*         0x10000fd6        0x2 
 .text.alarm_pool_irq_handler
                0x10000fd8      0x2f0 CMakeFiles/pico-freertos.dir/C_/Users/hexzhen3x7/.pico-sdk/sdk/2.1.1/src/common/pico_time/time.c.obj
 .text.ta_enable_irq_handler
                0x100012c8       0x2c CMakeFiles/pico-freertos.dir/C_/Users/hexzhen3x7/.pico-sdk/sdk/2.1.1/src/common/pico_time/time.c.obj
 .text.alarm_pool_post_alloc_init
                0x100012f4       0x78 CMakeFiles/pico-freertos.dir/C_/Users/hexzhen3x7/.pico-sdk/sdk/2.1.1/src/common/pico_time/time.c.obj
 .text.sleep_until_callback
                0x1000136c       0x28 CMakeFiles/pico-freertos.dir/C_/Users/hexzhen3x7/.pico-sdk/sdk/2.1.1/src/common/pico_time/time.c.obj
 .text.alarm_pool_get_default
                0x10001394       0x2c CMakeFiles/pico-freertos.dir/C_/Users/hexzhen3x7/.pico-sdk/sdk/2.1.1/src/common/pico_time/time.c.obj
                0x10001394                alarm_pool_get_default
 .text.alarm_pool_add_alarm_at_force_in_context
                0x100013c0       0xa4 CMakeFiles/pico-freertos.dir/C_/Users/hexzhen3x7/.pico-sdk/sdk/2.1.1/src/common/pico_time/time.c.obj
                0x100013c0                alarm_pool_add_alarm_at_force_in_context
 .text.alarm_pool_add_alarm_at
                0x10001464       0x3c CMakeFiles/pico-freertos.dir/C_/Users/hexzhen3x7/.pico-sdk/sdk/2.1.1/src/common/pico_time/time.c.obj
                0x10001464                alarm_pool_add_alarm_at
 .text.add_alarm_at
                0x100014a0       0x2e CMakeFiles/pico-freertos.dir/C_/Users/hexzhen3x7/.pico-sdk/sdk/2.1.1/src/common/pico_time/time.c.obj
 *fill*         0x100014ce        0x2 
 .text.alarm_pool_cancel_alarm
                0x100014d0       0x78 CMakeFiles/pico-freertos.dir/C_/Users/hexzhen3x7/.pico-sdk/sdk/2.1.1/src/common/pico_time/time.c.obj
                0x100014d0                alarm_pool_cancel_alarm
 .text.cancel_alarm
                0x10001548       0x10 CMakeFiles/pico-freertos.dir/C_/Users/hexzhen3x7/.pico-sdk/sdk/2.1.1/src/common/pico_time/time.c.obj
 .text.sleep_until
                0x10001558       0xa4 CMakeFiles/pico-freertos.dir/C_/Users/hexzhen3x7/.pico-sdk/sdk/2.1.1/src/common/pico_time/time.c.obj
                0x10001558                sleep_until
 .text.sleep_us
                0x100015fc       0x24 CMakeFiles/pico-freertos.dir/C_/Users/hexzhen3x7/.pico-sdk/sdk/2.1.1/src/common/pico_time/time.c.obj
                0x100015fc                sleep_us
 .text.sleep_ms
                0x10001620       0x14 CMakeFiles/pico-freertos.dir/C_/Users/hexzhen3x7/.pico-sdk/sdk/2.1.1/src/common/pico_time/time.c.obj
                0x10001620                sleep_ms
 .text.best_effort_wfe_or_timeout
                0x10001634      0x11c CMakeFiles/pico-freertos.dir/C_/Users/hexzhen3x7/.pico-sdk/sdk/2.1.1/src/common/pico_time/time.c.obj
                0x10001634                best_effort_wfe_or_timeout
 .text.alarm_pool_get_default_timer
                0x10001750        0x8 CMakeFiles/pico-freertos.dir/C_/Users/hexzhen3x7/.pico-sdk/sdk/2.1.1/src/common/pico_time/time.c.obj
                0x10001750                alarm_pool_get_default_timer
 .text.runtime_init_default_alarm_pool
                0x10001758       0x38 CMakeFiles/pico-freertos.dir/C_/Users/hexzhen3x7/.pico-sdk/sdk/2.1.1/src/common/pico_time/time.c.obj
                0x10001758                runtime_init_default_alarm_pool
 .text.timer_hardware_alarm_claim
                0x10001790       0x14 CMakeFiles/pico-freertos.dir/C_/Users/hexzhen3x7/.pico-sdk/sdk/2.1.1/src/rp2_common/hardware_timer/timer.c.obj
                0x10001790                timer_hardware_alarm_claim
 .text.timer_time_us_64
                0x100017a4       0x10 CMakeFiles/pico-freertos.dir/C_/Users/hexzhen3x7/.pico-sdk/sdk/2.1.1/src/rp2_common/hardware_timer/timer.c.obj
                0x100017a4                timer_time_us_64
 .text.timer_busy_wait_until
                0x100017b4       0x1a CMakeFiles/pico-freertos.dir/C_/Users/hexzhen3x7/.pico-sdk/sdk/2.1.1/src/rp2_common/hardware_timer/timer.c.obj
                0x100017b4                timer_busy_wait_until
 .text.timer_busy_wait_us
                0x100017ce       0x38 CMakeFiles/pico-freertos.dir/C_/Users/hexzhen3x7/.pico-sdk/sdk/2.1.1/src/rp2_common/hardware_timer/timer.c.obj
                0x100017ce                timer_busy_wait_us
 *fill*         0x10001806        0x2 
 .text.time_us_64
                0x10001808       0x10 CMakeFiles/pico-freertos.dir/C_/Users/hexzhen3x7/.pico-sdk/sdk/2.1.1/src/rp2_common/hardware_timer/timer.c.obj
                0x10001808                time_us_64
 .text.busy_wait_us
                0x10001818       0x14 CMakeFiles/pico-freertos.dir/C_/Users/hexzhen3x7/.pico-sdk/sdk/2.1.1/src/rp2_common/hardware_timer/timer.c.obj
                0x10001818                busy_wait_us
 .text.busy_wait_until
                0x1000182c       0x14 CMakeFiles/pico-freertos.dir/C_/Users/hexzhen3x7/.pico-sdk/sdk/2.1.1/src/rp2_common/hardware_timer/timer.c.obj
                0x1000182c                busy_wait_until
 .text.uart_unreset
                0x10001840       0x2c CMakeFiles/pico-freertos.dir/C_/Users/hexzhen3x7/.pico-sdk/sdk/2.1.1/src/rp2_common/hardware_uart/uart.c.obj
 .text.uart_disable_before_lcr_write
                0x1000186c       0x48 CMakeFiles/pico-freertos.dir/C_/Users/hexzhen3x7/.pico-sdk/sdk/2.1.1/src/rp2_common/hardware_uart/uart.c.obj
 .text.uart_write_lcr_bits_masked
                0x100018b4       0x20 CMakeFiles/pico-freertos.dir/C_/Users/hexzhen3x7/.pico-sdk/sdk/2.1.1/src/rp2_common/hardware_uart/uart.c.obj
 .text.uart_set_baudrate
                0x100018d4       0x5c CMakeFiles/pico-freertos.dir/C_/Users/hexzhen3x7/.pico-sdk/sdk/2.1.1/src/rp2_common/hardware_uart/uart.c.obj
                0x100018d4                uart_set_baudrate
 .text.uart_set_translate_crlf
                0x10001930       0x28 CMakeFiles/pico-freertos.dir/C_/Users/hexzhen3x7/.pico-sdk/sdk/2.1.1/src/rp2_common/hardware_uart/uart.c.obj
                0x10001930                uart_set_translate_crlf
 .text.uart_init
                0x10001958       0x64 CMakeFiles/pico-freertos.dir/C_/Users/hexzhen3x7/.pico-sdk/sdk/2.1.1/src/rp2_common/hardware_uart/uart.c.obj
                0x10001958                uart_init
 .text.clock_configure_internal
                0x100019bc       0xc4 CMakeFiles/pico-freertos.dir/C_/Users/hexzhen3x7/.pico-sdk/sdk/2.1.1/src/rp2_common/hardware_clocks/clocks.c.obj
 .text.clock_configure_int_divider
                0x10001a80       0x28 CMakeFiles/pico-freertos.dir/C_/Users/hexzhen3x7/.pico-sdk/sdk/2.1.1/src/rp2_common/hardware_clocks/clocks.c.obj
                0x10001a80                clock_configure_int_divider
 .text.clock_configure_undivided
                0x10001aa8       0x12 CMakeFiles/pico-freertos.dir/C_/Users/hexzhen3x7/.pico-sdk/sdk/2.1.1/src/rp2_common/hardware_clocks/clocks.c.obj
                0x10001aa8                clock_configure_undivided
 *fill*         0x10001aba        0x2 
 .text.clock_get_hz
                0x10001abc        0xc CMakeFiles/pico-freertos.dir/C_/Users/hexzhen3x7/.pico-sdk/sdk/2.1.1/src/rp2_common/hardware_clocks/clocks.c.obj
                0x10001abc                clock_get_hz
 .text.pll_init
                0x10001ac8      0x124 CMakeFiles/pico-freertos.dir/C_/Users/hexzhen3x7/.pico-sdk/sdk/2.1.1/src/rp2_common/hardware_pll/pll.c.obj
                0x10001ac8                pll_init
 .text.tick_start
                0x10001bec       0x10 CMakeFiles/pico-freertos.dir/C_/Users/hexzhen3x7/.pico-sdk/sdk/2.1.1/src/rp2_common/hardware_ticks/ticks.c.obj
                0x10001bec                tick_start
 .text.rom_func_lookup
                0x10001bfc       0x10 CMakeFiles/pico-freertos.dir/C_/Users/hexzhen3x7/.pico-sdk/sdk/2.1.1/src/rp2_common/pico_bootrom/bootrom.c.obj
                0x10001bfc                rom_func_lookup
 .text.rom_data_lookup
                0x10001c0c       0x10 CMakeFiles/pico-freertos.dir/C_/Users/hexzhen3x7/.pico-sdk/sdk/2.1.1/src/rp2_common/pico_bootrom/bootrom.c.obj
                0x10001c0c                rom_data_lookup
 .text.rom_funcs_lookup
                0x10001c1c       0x36 CMakeFiles/pico-freertos.dir/C_/Users/hexzhen3x7/.pico-sdk/sdk/2.1.1/src/rp2_common/pico_bootrom/bootrom.c.obj
                0x10001c1c                rom_funcs_lookup
 *fill*         0x10001c52        0x2 
 .text.xosc_init
                0x10001c54       0x2c CMakeFiles/pico-freertos.dir/C_/Users/hexzhen3x7/.pico-sdk/sdk/2.1.1/src/rp2_common/hardware_xosc/xosc.c.obj
                0x10001c54                xosc_init
 .text.runtime_run_initializers_from
                0x10001c80       0x18 CMakeFiles/pico-freertos.dir/C_/Users/hexzhen3x7/.pico-sdk/sdk/2.1.1/src/rp2_common/pico_runtime/runtime.c.obj
 .text.first_per_core_initializer
                0x10001c98        0x2 CMakeFiles/pico-freertos.dir/C_/Users/hexzhen3x7/.pico-sdk/sdk/2.1.1/src/rp2_common/pico_runtime/runtime.c.obj
 *fill*         0x10001c9a        0x2 
 .text.runtime_run_initializers
                0x10001c9c       0x10 CMakeFiles/pico-freertos.dir/C_/Users/hexzhen3x7/.pico-sdk/sdk/2.1.1/src/rp2_common/pico_runtime/runtime.c.obj
                0x10001c9c                runtime_run_initializers
 .text.runtime_run_per_core_initializers
                0x10001cac       0x10 CMakeFiles/pico-freertos.dir/C_/Users/hexzhen3x7/.pico-sdk/sdk/2.1.1/src/rp2_common/pico_runtime/runtime.c.obj
                0x10001cac                runtime_run_per_core_initializers
 .text.runtime_init_early_resets
                0x10001cbc       0x2c CMakeFiles/pico-freertos.dir/C_/Users/hexzhen3x7/.pico-sdk/sdk/2.1.1/src/rp2_common/pico_runtime_init/runtime_init.c.obj
                0x10001cbc                runtime_init_early_resets
 .text.runtime_init_usb_power_down
                0x10001ce8       0x1c CMakeFiles/pico-freertos.dir/C_/Users/hexzhen3x7/.pico-sdk/sdk/2.1.1/src/rp2_common/pico_runtime_init/runtime_init.c.obj
                0x10001ce8                runtime_init_usb_power_down
 .text.runtime_init_post_clock_resets
                0x10001d04       0x20 CMakeFiles/pico-freertos.dir/C_/Users/hexzhen3x7/.pico-sdk/sdk/2.1.1/src/rp2_common/pico_runtime_init/runtime_init.c.obj
                0x10001d04                runtime_init_post_clock_resets
 .text.runtime_init_rp2040_gpio_ie_disable
                0x10001d24       0x14 CMakeFiles/pico-freertos.dir/C_/Users/hexzhen3x7/.pico-sdk/sdk/2.1.1/src/rp2_common/pico_runtime_init/runtime_init.c.obj
                0x10001d24                runtime_init_rp2040_gpio_ie_disable
 .text.runtime_init_spin_locks_reset
                0x10001d38        0x8 CMakeFiles/pico-freertos.dir/C_/Users/hexzhen3x7/.pico-sdk/sdk/2.1.1/src/rp2_common/pico_runtime_init/runtime_init.c.obj
                0x10001d38                runtime_init_spin_locks_reset
 .text.runtime_init_install_ram_vector_table
                0x10001d40       0x1c CMakeFiles/pico-freertos.dir/C_/Users/hexzhen3x7/.pico-sdk/sdk/2.1.1/src/rp2_common/pico_runtime_init/runtime_init.c.obj
                0x10001d40                runtime_init_install_ram_vector_table
 .text.start_all_ticks
                0x10001d5c       0x28 CMakeFiles/pico-freertos.dir/C_/Users/hexzhen3x7/.pico-sdk/sdk/2.1.1/src/rp2_common/pico_runtime_init/runtime_init_clocks.c.obj
 .text.runtime_init_clocks
                0x10001d84       0xcc CMakeFiles/pico-freertos.dir/C_/Users/hexzhen3x7/.pico-sdk/sdk/2.1.1/src/rp2_common/pico_runtime_init/runtime_init_clocks.c.obj
                0x10001d84                runtime_init_clocks
 .text          0x10001e50       0x10 CMakeFiles/pico-freertos.dir/C_/Users/hexzhen3x7/.pico-sdk/sdk/2.1.1/src/rp2_common/pico_bit_ops/bit_ops_aeabi.S.obj
 .text.clzsi    0x10001e60        0xc CMakeFiles/pico-freertos.dir/C_/Users/hexzhen3x7/.pico-sdk/sdk/2.1.1/src/rp2_common/pico_bit_ops/bit_ops_aeabi.S.obj
                0x10001e60                __wrap___clzsi2
                0x10001e60                __wrap___clzl
                0x10001e60                __wrap___clz
 .text.__wrap___aeabi_idiv
                0x10001e6c       0x50 CMakeFiles/pico-freertos.dir/C_/Users/hexzhen3x7/.pico-sdk/sdk/2.1.1/src/rp2_common/pico_divider/divider_hardware.S.obj
                0x10001e6c                __wrap___aeabi_idivmod
                0x10001e6c                divmod_s32s32
                0x10001e6c                div_s32s32
                0x10001e6c                __wrap___aeabi_idiv
                0x10001e74                divmod_s32s32_unsafe
                0x10001ea0                divmod_s32s32_savestate
 .text.__wrap___aeabi_uidiv
                0x10001ebc       0x4c CMakeFiles/pico-freertos.dir/C_/Users/hexzhen3x7/.pico-sdk/sdk/2.1.1/src/rp2_common/pico_divider/divider_hardware.S.obj
                0x10001ebc                __wrap___aeabi_uidiv
                0x10001ebc                __wrap___aeabi_uidivmod
                0x10001ebc                div_u32u32
                0x10001ebc                divmod_u32u32
                0x10001ec4                divmod_u32u32_unsafe
                0x10001eec                divmod_u32u32_savestate
 .text.__wrap___aeabi_ldiv
                0x10001f08      0x424 CMakeFiles/pico-freertos.dir/C_/Users/hexzhen3x7/.pico-sdk/sdk/2.1.1/src/rp2_common/pico_divider/divider_hardware.S.obj
                0x10001f08                div_s64s64
                0x10001f08                divmod_s64s64
                0x10001f08                __wrap___aeabi_ldivmod
                0x10001f38                divmod_u64u64
                0x10001f38                div_u64u64
                0x10001f38                __wrap___aeabi_uldivmod
                0x10001f48                divmod_u64u64_savestate
                0x10001f68                divmod_s64s64_unsafe
                0x10001ff0                divmod_u64u64_unsafe
 .text.__wrap___aeabi_darithmetic
                0x1000232c       0x80 CMakeFiles/pico-freertos.dir/C_/Users/hexzhen3x7/.pico-sdk/sdk/2.1.1/src/rp2_common/pico_double/double_aeabi_rp2040.S.obj
                0x1000232c                __wrap___aeabi_drsub
                0x10002332                __wrap___aeabi_dsub
                0x10002344                __wrap___aeabi_dadd
                0x10002356                __wrap___aeabi_ddiv
                0x10002392                __wrap___aeabi_dmul
 .text.__wrap___aeabi_cdcmple
                0x100023ac       0x6c CMakeFiles/pico-freertos.dir/C_/Users/hexzhen3x7/.pico-sdk/sdk/2.1.1/src/rp2_common/pico_double/double_aeabi_rp2040.S.obj
                0x100023ac                __wrap___aeabi_cdrcmple
                0x100023bc                __wrap___aeabi_cdcmpeq
                0x100023bc                __wrap___aeabi_cdcmple
 .text.__wrap___aeabi_dcmplt
                0x10002418        0xc CMakeFiles/pico-freertos.dir/C_/Users/hexzhen3x7/.pico-sdk/sdk/2.1.1/src/rp2_common/pico_double/double_aeabi_rp2040.S.obj
                0x10002418                __wrap___aeabi_dcmplt
 .text.__wrap___aeabi_dcmple
                0x10002424       0x10 CMakeFiles/pico-freertos.dir/C_/Users/hexzhen3x7/.pico-sdk/sdk/2.1.1/src/rp2_common/pico_double/double_aeabi_rp2040.S.obj
                0x10002424                __wrap___aeabi_dcmple
 .text.__wrap___aeabi_dcmpge
                0x10002434       0x10 CMakeFiles/pico-freertos.dir/C_/Users/hexzhen3x7/.pico-sdk/sdk/2.1.1/src/rp2_common/pico_double/double_aeabi_rp2040.S.obj
                0x10002434                __wrap___aeabi_dcmpge
 .text.__wrap___aeabi_dcmpgt
                0x10002444        0xa CMakeFiles/pico-freertos.dir/C_/Users/hexzhen3x7/.pico-sdk/sdk/2.1.1/src/rp2_common/pico_double/double_aeabi_rp2040.S.obj
                0x10002444                __wrap___aeabi_dcmpgt
 .text.__wrap___aeabi_dcmpun
                0x1000244e       0x18 CMakeFiles/pico-freertos.dir/C_/Users/hexzhen3x7/.pico-sdk/sdk/2.1.1/src/rp2_common/pico_double/double_aeabi_rp2040.S.obj
                0x1000244e                __wrap___aeabi_dcmpun
 *fill*         0x10002466        0x2 
 .text.__wrap___aeabi_i2d
                0x10002468       0x38 CMakeFiles/pico-freertos.dir/C_/Users/hexzhen3x7/.pico-sdk/sdk/2.1.1/src/rp2_common/pico_double/double_aeabi_rp2040.S.obj
                0x10002468                uint2double
                0x10002468                __wrap___aeabi_ui2d
                0x10002470                int2double
                0x10002470                __wrap___aeabi_i2d
 .text.__wrap___aeabi_d2iz
                0x100024a0       0x48 CMakeFiles/pico-freertos.dir/C_/Users/hexzhen3x7/.pico-sdk/sdk/2.1.1/src/rp2_common/pico_double/double_aeabi_rp2040.S.obj
                0x100024a0                double2int_z
                0x100024a0                __wrap___aeabi_d2iz
 .text.__wrap___aeabi_d2uiz
                0x100024e8       0x18 CMakeFiles/pico-freertos.dir/C_/Users/hexzhen3x7/.pico-sdk/sdk/2.1.1/src/rp2_common/pico_double/double_aeabi_rp2040.S.obj
                0x100024e8                double2uint
                0x100024e8                __wrap___aeabi_d2uiz
                0x100024e8                double2uint_z
 .text.__aeabi_double_init
                0x10002500       0xcc CMakeFiles/pico-freertos.dir/C_/Users/hexzhen3x7/.pico-sdk/sdk/2.1.1/src/rp2_common/pico_double/double_init_rom_rp2040.c.obj
                0x10002500                __aeabi_double_init
 .text.double_table_shim_on_use_helper
                0x100025cc       0x34 CMakeFiles/pico-freertos.dir/C_/Users/hexzhen3x7/.pico-sdk/sdk/2.1.1/src/rp2_common/pico_double/double_v1_rom_shim_rp2040.S.obj
                0x100025cc                double_table_shim_on_use_helper
 .text.__wrap___aeabi_dsub
                0x10002600       0x10 CMakeFiles/pico-freertos.dir/C_/Users/hexzhen3x7/.pico-sdk/sdk/2.1.1/src/rp2_common/pico_double/double_v1_rom_shim_rp2040.S.obj
                0x10002600                drsub_shim
                0x10002606                dsub_shim
 .text.dadd_shim
                0x10002610      0x15c CMakeFiles/pico-freertos.dir/C_/Users/hexzhen3x7/.pico-sdk/sdk/2.1.1/src/rp2_common/pico_double/double_v1_rom_shim_rp2040.S.obj
                0x10002610                dadd_shim
 .text.dmul_shim
                0x1000276c      0x15c CMakeFiles/pico-freertos.dir/C_/Users/hexzhen3x7/.pico-sdk/sdk/2.1.1/src/rp2_common/pico_double/double_v1_rom_shim_rp2040.S.obj
                0x1000276c                dmul_shim
 .text.ddiv_shim
                0x100028c8      0x1b0 CMakeFiles/pico-freertos.dir/C_/Users/hexzhen3x7/.pico-sdk/sdk/2.1.1/src/rp2_common/pico_double/double_v1_rom_shim_rp2040.S.obj
                0x100028c8                ddiv_shim
 .text.double2uint_shim
                0x10002a78        0xe CMakeFiles/pico-freertos.dir/C_/Users/hexzhen3x7/.pico-sdk/sdk/2.1.1/src/rp2_common/pico_double/double_v1_rom_shim_rp2040.S.obj
                0x10002a78                double2uint_shim
                0x10002a7a                double2ufix_shim
 *fill*         0x10002a86        0x2 
 .text.double2uint64_shim
                0x10002a88       0x70 CMakeFiles/pico-freertos.dir/C_/Users/hexzhen3x7/.pico-sdk/sdk/2.1.1/src/rp2_common/pico_double/double_v1_rom_shim_rp2040.S.obj
                0x10002a88                double2uint64_shim
                0x10002a8a                double2ufix64_shim
                0x10002aaa                d2fix_a
 .text.dunpacks
                0x10002af8       0x3c CMakeFiles/pico-freertos.dir/C_/Users/hexzhen3x7/.pico-sdk/sdk/2.1.1/src/rp2_common/pico_double/double_v1_rom_shim_rp2040.S.obj
                0x10002af8                dunpacks
 .text.__aeabi_lmul
                0x10002b34       0x32 CMakeFiles/pico-freertos.dir/C_/Users/hexzhen3x7/.pico-sdk/sdk/2.1.1/src/rp2_common/pico_int64_ops/pico_int64_ops_aeabi.S.obj
                0x10002b34                __wrap___aeabi_lmul
 *fill*         0x10002b66        0x2 
 .text.__aeabi_float_init
                0x10002b68       0xfc CMakeFiles/pico-freertos.dir/C_/Users/hexzhen3x7/.pico-sdk/sdk/2.1.1/src/rp2_common/pico_float/float_init_rom_rp2040.c.obj
                0x10002b68                __aeabi_float_init
 .text.float_table_shim_on_use_helper
                0x10002c64       0x34 CMakeFiles/pico-freertos.dir/C_/Users/hexzhen3x7/.pico-sdk/sdk/2.1.1/src/rp2_common/pico_float/float_v1_rom_shim_rp2040.S.obj
                0x10002c64                float_table_shim_on_use_helper
 .text.check_alloc
                0x10002c98       0x20 CMakeFiles/pico-freertos.dir/C_/Users/hexzhen3x7/.pico-sdk/sdk/2.1.1/src/rp2_common/pico_malloc/malloc.c.obj
 .text.__wrap_malloc
                0x10002cb8       0x2c CMakeFiles/pico-freertos.dir/C_/Users/hexzhen3x7/.pico-sdk/sdk/2.1.1/src/rp2_common/pico_malloc/malloc.c.obj
                0x10002cb8                __wrap_malloc
 .text.__wrap_free
                0x10002ce4       0x20 CMakeFiles/pico-freertos.dir/C_/Users/hexzhen3x7/.pico-sdk/sdk/2.1.1/src/rp2_common/pico_malloc/malloc.c.obj
                0x10002ce4                __wrap_free
 .text          0x10002d04       0x10 CMakeFiles/pico-freertos.dir/C_/Users/hexzhen3x7/.pico-sdk/sdk/2.1.1/src/rp2_common/pico_mem_ops/mem_ops_aeabi.S.obj
                0x10002d04                __aeabi_mem_init
 .text.memset   0x10002d14        0xc CMakeFiles/pico-freertos.dir/C_/Users/hexzhen3x7/.pico-sdk/sdk/2.1.1/src/rp2_common/pico_mem_ops/mem_ops_aeabi.S.obj
                0x10002d14                __wrap_memset
 .text.memcpy   0x10002d20        0xc CMakeFiles/pico-freertos.dir/C_/Users/hexzhen3x7/.pico-sdk/sdk/2.1.1/src/rp2_common/pico_mem_ops/mem_ops_aeabi.S.obj
                0x10002d20                __wrap_memcpy
                0x10002d20                __wrap___aeabi_memcpy
 .text._out_null
                0x10002d2c        0x2 CMakeFiles/pico-freertos.dir/C_/Users/hexzhen3x7/.pico-sdk/sdk/2.1.1/src/rp2_common/pico_printf/printf.c.obj
 .text._out_fct
                0x10002d2e        0xe CMakeFiles/pico-freertos.dir/C_/Users/hexzhen3x7/.pico-sdk/sdk/2.1.1/src/rp2_common/pico_printf/printf.c.obj
 .text._atoi    0x10002d3c       0x24 CMakeFiles/pico-freertos.dir/C_/Users/hexzhen3x7/.pico-sdk/sdk/2.1.1/src/rp2_common/pico_printf/printf.c.obj
 .text._out_rev
                0x10002d60       0xb0 CMakeFiles/pico-freertos.dir/C_/Users/hexzhen3x7/.pico-sdk/sdk/2.1.1/src/rp2_common/pico_printf/printf.c.obj
 .text._ntoa_format
                0x10002e10      0x10e CMakeFiles/pico-freertos.dir/C_/Users/hexzhen3x7/.pico-sdk/sdk/2.1.1/src/rp2_common/pico_printf/printf.c.obj
 .text._ntoa_long
                0x10002f1e       0xbc CMakeFiles/pico-freertos.dir/C_/Users/hexzhen3x7/.pico-sdk/sdk/2.1.1/src/rp2_common/pico_printf/printf.c.obj
 .text._ntoa_long_long
                0x10002fda      0x10e CMakeFiles/pico-freertos.dir/C_/Users/hexzhen3x7/.pico-sdk/sdk/2.1.1/src/rp2_common/pico_printf/printf.c.obj
 .text._etoa    0x100030e8      0x424 CMakeFiles/pico-freertos.dir/C_/Users/hexzhen3x7/.pico-sdk/sdk/2.1.1/src/rp2_common/pico_printf/printf.c.obj
 .text._ftoa    0x1000350c      0x348 CMakeFiles/pico-freertos.dir/C_/Users/hexzhen3x7/.pico-sdk/sdk/2.1.1/src/rp2_common/pico_printf/printf.c.obj
 .text._vsnprintf
                0x10003854      0x6a4 CMakeFiles/pico-freertos.dir/C_/Users/hexzhen3x7/.pico-sdk/sdk/2.1.1/src/rp2_common/pico_printf/printf.c.obj
 .text.vfctprintf
                0x10003ef8       0x24 CMakeFiles/pico-freertos.dir/C_/Users/hexzhen3x7/.pico-sdk/sdk/2.1.1/src/rp2_common/pico_printf/printf.c.obj
                0x10003ef8                vfctprintf
 .text._exit    0x10003f1c        0x4 CMakeFiles/pico-freertos.dir/C_/Users/hexzhen3x7/.pico-sdk/sdk/2.1.1/src/rp2_common/pico_clib_interface/newlib_interface.c.obj
                0x10003f1c                _exit
 .text._sbrk    0x10003f20       0x38 CMakeFiles/pico-freertos.dir/C_/Users/hexzhen3x7/.pico-sdk/sdk/2.1.1/src/rp2_common/pico_clib_interface/newlib_interface.c.obj
                0x10003f20                _sbrk
 .text.exit     0x10003f58        0x6 CMakeFiles/pico-freertos.dir/C_/Users/hexzhen3x7/.pico-sdk/sdk/2.1.1/src/rp2_common/pico_clib_interface/newlib_interface.c.obj
                0x10003f58                exit
 *fill*         0x10003f5e        0x2 
 .text.__assert_func
                0x10003f60       0x38 CMakeFiles/pico-freertos.dir/C_/Users/hexzhen3x7/.pico-sdk/sdk/2.1.1/src/rp2_common/pico_clib_interface/newlib_interface.c.obj
                0x10003f60                __assert_func
 .text.runtime_init
                0x10003f98       0x28 CMakeFiles/pico-freertos.dir/C_/Users/hexzhen3x7/.pico-sdk/sdk/2.1.1/src/rp2_common/pico_clib_interface/newlib_interface.c.obj
                0x10003f98                runtime_init
 .text.stdio_out_chars_no_crlf
                0x10003fc0        0xe CMakeFiles/pico-freertos.dir/C_/Users/hexzhen3x7/.pico-sdk/sdk/2.1.1/src/rp2_common/pico_stdio/stdio.c.obj
 *fill*         0x10003fce        0x2 
 .text.stdio_out_chars_crlf
                0x10003fd0       0x80 CMakeFiles/pico-freertos.dir/C_/Users/hexzhen3x7/.pico-sdk/sdk/2.1.1/src/rp2_common/pico_stdio/stdio.c.obj
 .text.stdio_stack_buffer_flush
                0x10004050       0x44 CMakeFiles/pico-freertos.dir/C_/Users/hexzhen3x7/.pico-sdk/sdk/2.1.1/src/rp2_common/pico_stdio/stdio.c.obj
 .text.stdio_buffered_printer
                0x10004094       0x20 CMakeFiles/pico-freertos.dir/C_/Users/hexzhen3x7/.pico-sdk/sdk/2.1.1/src/rp2_common/pico_stdio/stdio.c.obj
 .text.stdout_serialize_begin
                0x100040b4       0x30 CMakeFiles/pico-freertos.dir/C_/Users/hexzhen3x7/.pico-sdk/sdk/2.1.1/src/rp2_common/pico_stdio/stdio.c.obj
                0x100040b4                stdout_serialize_begin
 .text.stdout_serialize_end
                0x100040e4       0x10 CMakeFiles/pico-freertos.dir/C_/Users/hexzhen3x7/.pico-sdk/sdk/2.1.1/src/rp2_common/pico_stdio/stdio.c.obj
                0x100040e4                stdout_serialize_end
 .text.stdio_put_string
                0x100040f4       0x94 CMakeFiles/pico-freertos.dir/C_/Users/hexzhen3x7/.pico-sdk/sdk/2.1.1/src/rp2_common/pico_stdio/stdio.c.obj
                0x100040f4                stdio_put_string
 .text.stdio_set_driver_enabled
                0x10004188       0x30 CMakeFiles/pico-freertos.dir/C_/Users/hexzhen3x7/.pico-sdk/sdk/2.1.1/src/rp2_common/pico_stdio/stdio.c.obj
                0x10004188                stdio_set_driver_enabled
 .text.stdio_flush
                0x100041b8       0x20 CMakeFiles/pico-freertos.dir/C_/Users/hexzhen3x7/.pico-sdk/sdk/2.1.1/src/rp2_common/pico_stdio/stdio.c.obj
                0x100041b8                stdio_flush
 .text.stdio_init_all
                0x100041d8        0xa CMakeFiles/pico-freertos.dir/C_/Users/hexzhen3x7/.pico-sdk/sdk/2.1.1/src/rp2_common/pico_stdio/stdio.c.obj
                0x100041d8                stdio_init_all
 .text.__wrap_puts
                0x100041e2       0x1e CMakeFiles/pico-freertos.dir/C_/Users/hexzhen3x7/.pico-sdk/sdk/2.1.1/src/rp2_common/pico_stdio/stdio.c.obj
                0x100041e2                stdio_puts
                0x100041e2                __wrap_puts
 .text.__wrap_vprintf
                0x10004200       0x40 CMakeFiles/pico-freertos.dir/C_/Users/hexzhen3x7/.pico-sdk/sdk/2.1.1/src/rp2_common/pico_stdio/stdio.c.obj
                0x10004200                stdio_vprintf
                0x10004200                __wrap_vprintf
 .text.__wrap_printf
                0x10004240       0x18 CMakeFiles/pico-freertos.dir/C_/Users/hexzhen3x7/.pico-sdk/sdk/2.1.1/src/rp2_common/pico_stdio/stdio.c.obj
                0x10004240                __wrap_printf
                0x10004240                stdio_printf
 .text.uart_putc
                0x10004258       0x60 CMakeFiles/pico-freertos.dir/C_/Users/hexzhen3x7/.pico-sdk/sdk/2.1.1/src/rp2_common/pico_stdio_uart/stdio_uart.c.obj
 .text.uart_getc
                0x100042b8       0x24 CMakeFiles/pico-freertos.dir/C_/Users/hexzhen3x7/.pico-sdk/sdk/2.1.1/src/rp2_common/pico_stdio_uart/stdio_uart.c.obj
 .text.stdio_uart_out_chars
                0x100042dc       0x20 CMakeFiles/pico-freertos.dir/C_/Users/hexzhen3x7/.pico-sdk/sdk/2.1.1/src/rp2_common/pico_stdio_uart/stdio_uart.c.obj
 .text.stdio_uart_in_chars
                0x100042fc       0x5c CMakeFiles/pico-freertos.dir/C_/Users/hexzhen3x7/.pico-sdk/sdk/2.1.1/src/rp2_common/pico_stdio_uart/stdio_uart.c.obj
                0x100042fc                stdio_uart_in_chars
 .text.on_uart_rx
                0x10004358       0x28 CMakeFiles/pico-freertos.dir/C_/Users/hexzhen3x7/.pico-sdk/sdk/2.1.1/src/rp2_common/pico_stdio_uart/stdio_uart.c.obj
 .text.stdio_uart_out_flush
                0x10004380       0x10 CMakeFiles/pico-freertos.dir/C_/Users/hexzhen3x7/.pico-sdk/sdk/2.1.1/src/rp2_common/pico_stdio_uart/stdio_uart.c.obj
 .text.stdio_uart_set_chars_available_callback
                0x10004390       0x90 CMakeFiles/pico-freertos.dir/C_/Users/hexzhen3x7/.pico-sdk/sdk/2.1.1/src/rp2_common/pico_stdio_uart/stdio_uart.c.obj
 .text.stdio_uart_init_full
                0x10004420       0x44 CMakeFiles/pico-freertos.dir/C_/Users/hexzhen3x7/.pico-sdk/sdk/2.1.1/src/rp2_common/pico_stdio_uart/stdio_uart.c.obj
                0x10004420                stdio_uart_init_full
 .text.stdio_uart_init
                0x10004464       0x30 CMakeFiles/pico-freertos.dir/C_/Users/hexzhen3x7/.pico-sdk/sdk/2.1.1/src/rp2_common/pico_stdio_uart/stdio_uart.c.obj
                0x10004464                stdio_uart_init
 .text.i2c_unreset
                0x10004494       0x2c CMakeFiles/pico-freertos.dir/C_/Users/hexzhen3x7/.pico-sdk/sdk/2.1.1/src/rp2_common/hardware_i2c/i2c.c.obj
 .text.i2c_write_blocking_internal
                0x100044c0      0x158 CMakeFiles/pico-freertos.dir/C_/Users/hexzhen3x7/.pico-sdk/sdk/2.1.1/src/rp2_common/hardware_i2c/i2c.c.obj
 .text.i2c_set_baudrate
                0x10004618       0xf0 CMakeFiles/pico-freertos.dir/C_/Users/hexzhen3x7/.pico-sdk/sdk/2.1.1/src/rp2_common/hardware_i2c/i2c.c.obj
                0x10004618                i2c_set_baudrate
 .text.i2c_init
                0x10004708       0x54 CMakeFiles/pico-freertos.dir/C_/Users/hexzhen3x7/.pico-sdk/sdk/2.1.1/src/rp2_common/hardware_i2c/i2c.c.obj
                0x10004708                i2c_init
 .text.i2c_write_blocking
                0x1000475c       0x18 CMakeFiles/pico-freertos.dir/C_/Users/hexzhen3x7/.pico-sdk/sdk/2.1.1/src/rp2_common/hardware_i2c/i2c.c.obj
                0x1000475c                i2c_write_blocking
 .text.vPortSVCHandler
                0x10004774        0x2 CMakeFiles/pico-freertos.dir/freertos/portable/ThirdParty/GCC/RP2040/port.c.obj
                0x10004774                vPortSVCHandler
 *fill*         0x10004776        0xa 
 .text.vPortStartFirstTask
                0x10004780       0x38 CMakeFiles/pico-freertos.dir/freertos/portable/ThirdParty/GCC/RP2040/port.c.obj
 .text.prvFIFOInterruptHandler
                0x100047b8       0x28 CMakeFiles/pico-freertos.dir/freertos/portable/ThirdParty/GCC/RP2040/port.c.obj
 .text.xPortPendSVHandler
                0x100047e0       0x78 CMakeFiles/pico-freertos.dir/freertos/portable/ThirdParty/GCC/RP2040/port.c.obj
                0x100047e0                xPortPendSVHandler
 .text.prvTaskExitError
                0x10004858        0x6 CMakeFiles/pico-freertos.dir/freertos/portable/ThirdParty/GCC/RP2040/port.c.obj
 *fill*         0x1000485e        0x2 
 .text.xPortSysTickHandler
                0x10004860       0x2c CMakeFiles/pico-freertos.dir/freertos/portable/ThirdParty/GCC/RP2040/port.c.obj
                0x10004860                xPortSysTickHandler
 .text.prvGetTicksToWaitBefore
                0x1000488c       0x40 CMakeFiles/pico-freertos.dir/freertos/portable/ThirdParty/GCC/RP2040/port.c.obj
 .text.pxPortInitialiseStack
                0x100048cc       0x24 CMakeFiles/pico-freertos.dir/freertos/portable/ThirdParty/GCC/RP2040/port.c.obj
                0x100048cc                pxPortInitialiseStack
 .text.vPortYield
                0x100048f0       0x48 CMakeFiles/pico-freertos.dir/freertos/portable/ThirdParty/GCC/RP2040/port.c.obj
                0x100048f0                vPortYield
 .text.vPortEnableInterrupts
                0x10004938       0x30 CMakeFiles/pico-freertos.dir/freertos/portable/ThirdParty/GCC/RP2040/port.c.obj
                0x10004938                vPortEnableInterrupts
 .text.vYieldCore
                0x10004968       0x30 CMakeFiles/pico-freertos.dir/freertos/portable/ThirdParty/GCC/RP2040/port.c.obj
                0x10004968                vYieldCore
 .text.vPortSetupTimerInterrupt
                0x10004998       0x34 CMakeFiles/pico-freertos.dir/freertos/portable/ThirdParty/GCC/RP2040/port.c.obj
                0x10004998                vPortSetupTimerInterrupt
 .text.xPortStartSchedulerOnCore
                0x100049cc       0xa8 CMakeFiles/pico-freertos.dir/freertos/portable/ThirdParty/GCC/RP2040/port.c.obj
 .text.xPortStartScheduler
                0x10004a74       0x64 CMakeFiles/pico-freertos.dir/freertos/portable/ThirdParty/GCC/RP2040/port.c.obj
                0x10004a74                xPortStartScheduler
 .text.prvDisableInterruptsAndPortStartSchedulerOnCore
                0x10004ad8        0xc CMakeFiles/pico-freertos.dir/freertos/portable/ThirdParty/GCC/RP2040/port.c.obj
 .text.ulPortLockGetCurrentOwnerId
                0x10004ae4       0x30 CMakeFiles/pico-freertos.dir/freertos/portable/ThirdParty/GCC/RP2040/port.c.obj
                0x10004ae4                ulPortLockGetCurrentOwnerId
 .text.vPortLockInternalSpinUnlockWithWait
                0x10004b14       0xc8 CMakeFiles/pico-freertos.dir/freertos/portable/ThirdParty/GCC/RP2040/port.c.obj
                0x10004b14                vPortLockInternalSpinUnlockWithWait
 .text.vPortLockInternalSpinUnlockWithNotify
                0x10004bdc       0x88 CMakeFiles/pico-freertos.dir/freertos/portable/ThirdParty/GCC/RP2040/port.c.obj
                0x10004bdc                vPortLockInternalSpinUnlockWithNotify
 .text.xPortLockInternalSpinUnlockWithBestEffortWaitOrTimeout
                0x10004c64      0x118 CMakeFiles/pico-freertos.dir/freertos/portable/ThirdParty/GCC/RP2040/port.c.obj
                0x10004c64                xPortLockInternalSpinUnlockWithBestEffortWaitOrTimeout
 .text.prvRuntimeInitializer
                0x10004d7c       0x10 CMakeFiles/pico-freertos.dir/freertos/portable/ThirdParty/GCC/RP2040/port.c.obj
 .text.prvTestWaitCondition
                0x10004d8c       0x1e CMakeFiles/pico-freertos.dir/freertos/event_groups.c.obj
 .text.xEventGroupCreate
                0x10004daa       0x18 CMakeFiles/pico-freertos.dir/freertos/event_groups.c.obj
                0x10004daa                xEventGroupCreate
 *fill*         0x10004dc2        0x2 
 .text.xEventGroupWaitBits
                0x10004dc4      0x120 CMakeFiles/pico-freertos.dir/freertos/event_groups.c.obj
                0x10004dc4                xEventGroupWaitBits
 .text.xEventGroupSetBits
                0x10004ee4       0x98 CMakeFiles/pico-freertos.dir/freertos/event_groups.c.obj
                0x10004ee4                xEventGroupSetBits
 .text.vEventGroupSetBitsCallback
                0x10004f7c        0x8 CMakeFiles/pico-freertos.dir/freertos/event_groups.c.obj
                0x10004f7c                vEventGroupSetBitsCallback
 .text.xEventGroupSetBitsFromISR
                0x10004f84       0x18 CMakeFiles/pico-freertos.dir/freertos/event_groups.c.obj
                0x10004f84                xEventGroupSetBitsFromISR
 .text.vListInitialise
                0x10004f9c       0x16 CMakeFiles/pico-freertos.dir/freertos/list.c.obj
                0x10004f9c                vListInitialise
 .text.vListInitialiseItem
                0x10004fb2        0x6 CMakeFiles/pico-freertos.dir/freertos/list.c.obj
                0x10004fb2                vListInitialiseItem
 .text.vListInsertEnd
                0x10004fb8       0x16 CMakeFiles/pico-freertos.dir/freertos/list.c.obj
                0x10004fb8                vListInsertEnd
 .text.vListInsert
                0x10004fce       0x2e CMakeFiles/pico-freertos.dir/freertos/list.c.obj
                0x10004fce                vListInsert
 .text.uxListRemove
                0x10004ffc       0x26 CMakeFiles/pico-freertos.dir/freertos/list.c.obj
                0x10004ffc                uxListRemove
 .text.prvIsQueueFull
                0x10005022       0x1e CMakeFiles/pico-freertos.dir/freertos/queue.c.obj
 .text.prvIsQueueEmpty
                0x10005040       0x1c CMakeFiles/pico-freertos.dir/freertos/queue.c.obj
 .text.prvCopyDataToQueue
                0x1000505c       0x7e CMakeFiles/pico-freertos.dir/freertos/queue.c.obj
 *fill*         0x100050da        0x2 
 .text.prvNotifyQueueSetContainer
                0x100050dc       0xa0 CMakeFiles/pico-freertos.dir/freertos/queue.c.obj
 .text.prvCopyDataFromQueue
                0x1000517c       0x24 CMakeFiles/pico-freertos.dir/freertos/queue.c.obj
 .text.prvUnlockQueue
                0x100051a0       0x88 CMakeFiles/pico-freertos.dir/freertos/queue.c.obj
 .text.xQueueGenericReset
                0x10005228       0x84 CMakeFiles/pico-freertos.dir/freertos/queue.c.obj
                0x10005228                xQueueGenericReset
 .text.prvInitialiseNewQueue
                0x100052ac       0x26 CMakeFiles/pico-freertos.dir/freertos/queue.c.obj
 *fill*         0x100052d2        0x2 
 .text.xQueueGenericCreate
                0x100052d4       0x88 CMakeFiles/pico-freertos.dir/freertos/queue.c.obj
                0x100052d4                xQueueGenericCreate
 .text.xQueueGenericSend
                0x1000535c      0x18c CMakeFiles/pico-freertos.dir/freertos/queue.c.obj
                0x1000535c                xQueueGenericSend
 .text.xQueueGenericSendFromISR
                0x100054e8      0x134 CMakeFiles/pico-freertos.dir/freertos/queue.c.obj
                0x100054e8                xQueueGenericSendFromISR
 .text.xQueueReceive
                0x1000561c      0x150 CMakeFiles/pico-freertos.dir/freertos/queue.c.obj
                0x1000561c                xQueueReceive
 .text.vQueueAddToRegistry
                0x1000576c       0x5c CMakeFiles/pico-freertos.dir/freertos/queue.c.obj
                0x1000576c                vQueueAddToRegistry
 .text.vQueueWaitForMessageRestricted
                0x100057c8       0x50 CMakeFiles/pico-freertos.dir/freertos/queue.c.obj
                0x100057c8                vQueueWaitForMessageRestricted
 .text.prvGetCurrentYieldPending
                0x10005818       0x1c CMakeFiles/pico-freertos.dir/freertos/tasks.c.obj
 .text.prvResetNextTaskUnblockTime
                0x10005834       0x2c CMakeFiles/pico-freertos.dir/freertos/tasks.c.obj
 .text.prvDeleteTCB
                0x10005860       0x12 CMakeFiles/pico-freertos.dir/freertos/tasks.c.obj
 *fill*         0x10005872        0x2 
 .text.prvInitialiseNewTask
                0x10005874       0xf4 CMakeFiles/pico-freertos.dir/freertos/tasks.c.obj
 .text.prvMinimalIdleTask
                0x10005968       0x18 CMakeFiles/pico-freertos.dir/freertos/tasks.c.obj
 .text.prvInitialiseTaskLists
                0x10005980       0x68 CMakeFiles/pico-freertos.dir/freertos/tasks.c.obj
 .text.prvYieldCore
                0x100059e8       0x60 CMakeFiles/pico-freertos.dir/freertos/tasks.c.obj
 .text.vPortRecursiveLock
                0x10005a48       0xf8 CMakeFiles/pico-freertos.dir/freertos/tasks.c.obj
 .text.prvSelectHighestPriorityTask
                0x10005b40      0x230 CMakeFiles/pico-freertos.dir/freertos/tasks.c.obj
 .text.xTaskGetTickCount
                0x10005d70        0xc CMakeFiles/pico-freertos.dir/freertos/tasks.c.obj
                0x10005d70                xTaskGetTickCount
 .text.vTaskInternalSetTimeOutState
                0x10005d7c       0x18 CMakeFiles/pico-freertos.dir/freertos/tasks.c.obj
                0x10005d7c                vTaskInternalSetTimeOutState
 .text.vTaskMissedYield
                0x10005d94       0x14 CMakeFiles/pico-freertos.dir/freertos/tasks.c.obj
                0x10005d94                vTaskMissedYield
 .text.xTaskGetCurrentTaskHandle
                0x10005da8       0x1c CMakeFiles/pico-freertos.dir/freertos/tasks.c.obj
                0x10005da8                xTaskGetCurrentTaskHandle
 .text.prvYieldForTask
                0x10005dc4       0x88 CMakeFiles/pico-freertos.dir/freertos/tasks.c.obj
 .text.xTaskRemoveFromEventList
                0x10005e4c       0x98 CMakeFiles/pico-freertos.dir/freertos/tasks.c.obj
                0x10005e4c                xTaskRemoveFromEventList
 .text.prvAddCurrentTaskToDelayedList
                0x10005ee4       0x8c CMakeFiles/pico-freertos.dir/freertos/tasks.c.obj
 .text.prvCheckForRunStateChange
                0x10005f70      0x108 CMakeFiles/pico-freertos.dir/freertos/tasks.c.obj
 .text.vTaskSuspendAll
                0x10006078       0x68 CMakeFiles/pico-freertos.dir/freertos/tasks.c.obj
                0x10006078                vTaskSuspendAll
 .text.vTaskSwitchContext
                0x100060e0       0xc0 CMakeFiles/pico-freertos.dir/freertos/tasks.c.obj
                0x100060e0                vTaskSwitchContext
 .text.vTaskPlaceOnEventList
                0x100061a0       0x40 CMakeFiles/pico-freertos.dir/freertos/tasks.c.obj
                0x100061a0                vTaskPlaceOnEventList
 .text.vTaskPlaceOnUnorderedEventList
                0x100061e0       0x6c CMakeFiles/pico-freertos.dir/freertos/tasks.c.obj
                0x100061e0                vTaskPlaceOnUnorderedEventList
 .text.vTaskPlaceOnEventListRestricted
                0x1000624c       0x48 CMakeFiles/pico-freertos.dir/freertos/tasks.c.obj
                0x1000624c                vTaskPlaceOnEventListRestricted
 .text.xTaskPriorityDisinherit
                0x10006294       0x9c CMakeFiles/pico-freertos.dir/freertos/tasks.c.obj
                0x10006294                xTaskPriorityDisinherit
 .text.vTaskYieldWithinAPI
                0x10006330       0x28 CMakeFiles/pico-freertos.dir/freertos/tasks.c.obj
                0x10006330                vTaskYieldWithinAPI
 .text.vTaskEnterCritical
                0x10006358       0x70 CMakeFiles/pico-freertos.dir/freertos/tasks.c.obj
                0x10006358                vTaskEnterCritical
 .text.vTaskExitCritical
                0x100063c8       0x8c CMakeFiles/pico-freertos.dir/freertos/tasks.c.obj
                0x100063c8                vTaskExitCritical
 .text.prvCheckTasksWaitingTermination
                0x10006454       0x58 CMakeFiles/pico-freertos.dir/freertos/tasks.c.obj
 .text.prvIdleTask
                0x100064ac       0x1c CMakeFiles/pico-freertos.dir/freertos/tasks.c.obj
 .text.prvAddNewTaskToReadyList
                0x100064c8       0xa0 CMakeFiles/pico-freertos.dir/freertos/tasks.c.obj
 .text.xTaskCreateAffinitySet
                0x10006568       0x5e CMakeFiles/pico-freertos.dir/freertos/tasks.c.obj
                0x10006568                xTaskCreateAffinitySet
 .text.xTaskCreate
                0x100065c6       0x1a CMakeFiles/pico-freertos.dir/freertos/tasks.c.obj
                0x100065c6                xTaskCreate
 .text.prvCreateIdleTasks
                0x100065e0       0x8c CMakeFiles/pico-freertos.dir/freertos/tasks.c.obj
 .text.vTaskStartScheduler
                0x1000666c       0x64 CMakeFiles/pico-freertos.dir/freertos/tasks.c.obj
                0x1000666c                vTaskStartScheduler
 .text.xTaskIncrementTick
                0x100066d0      0x188 CMakeFiles/pico-freertos.dir/freertos/tasks.c.obj
                0x100066d0                xTaskIncrementTick
 .text.xTaskResumeAll
                0x10006858      0x110 CMakeFiles/pico-freertos.dir/freertos/tasks.c.obj
                0x10006858                xTaskResumeAll
 .text.vTaskDelay
                0x10006968       0x48 CMakeFiles/pico-freertos.dir/freertos/tasks.c.obj
                0x10006968                vTaskDelay
 .text.vTaskRemoveFromUnorderedEventList
                0x100069b0       0x94 CMakeFiles/pico-freertos.dir/freertos/tasks.c.obj
                0x100069b0                vTaskRemoveFromUnorderedEventList
 .text.xTaskCheckForTimeOut
                0x10006a44       0xb8 CMakeFiles/pico-freertos.dir/freertos/tasks.c.obj
                0x10006a44                xTaskCheckForTimeOut
 .text.xTaskGetSchedulerState
                0x10006afc       0x30 CMakeFiles/pico-freertos.dir/freertos/tasks.c.obj
                0x10006afc                xTaskGetSchedulerState
 .text.uxTaskResetEventItemValue
                0x10006b2c       0x1c CMakeFiles/pico-freertos.dir/freertos/tasks.c.obj
                0x10006b2c                uxTaskResetEventItemValue
 .text.prvGetNextExpireTime
                0x10006b48       0x24 CMakeFiles/pico-freertos.dir/freertos/timers.c.obj
 .text.prvInsertTimerInActiveList
                0x10006b6c       0x48 CMakeFiles/pico-freertos.dir/freertos/timers.c.obj
 .text.prvCheckForValidListAndQueue
                0x10006bb4       0x60 CMakeFiles/pico-freertos.dir/freertos/timers.c.obj
 .text.xTimerCreateTimerTask
                0x10006c14       0x58 CMakeFiles/pico-freertos.dir/freertos/timers.c.obj
                0x10006c14                xTimerCreateTimerTask
 .text.xTimerGenericCommandFromTask
                0x10006c6c       0x78 CMakeFiles/pico-freertos.dir/freertos/timers.c.obj
                0x10006c6c                xTimerGenericCommandFromTask
 .text.prvSwitchTimerLists
                0x10006ce4       0x88 CMakeFiles/pico-freertos.dir/freertos/timers.c.obj
 .text.prvSampleTimeNow
                0x10006d6c       0x2c CMakeFiles/pico-freertos.dir/freertos/timers.c.obj
 .text.prvProcessExpiredTimer
                0x10006d98       0x74 CMakeFiles/pico-freertos.dir/freertos/timers.c.obj
 .text.prvProcessTimerOrBlockTask
                0x10006e0c       0x70 CMakeFiles/pico-freertos.dir/freertos/timers.c.obj
 .text.prvProcessReceivedCommands
                0x10006e7c      0x10c CMakeFiles/pico-freertos.dir/freertos/timers.c.obj
 .text.prvTimerTask
                0x10006f88       0x16 CMakeFiles/pico-freertos.dir/freertos/timers.c.obj
 *fill*         0x10006f9e        0x2 
 .text.xTimerPendFunctionCallFromISR
                0x10006fa0       0x2c CMakeFiles/pico-freertos.dir/freertos/timers.c.obj
                0x10006fa0                xTimerPendFunctionCallFromISR
 .text.exception_is_compile_time_default
                0x10006fcc       0x20 CMakeFiles/pico-freertos.dir/C_/Users/hexzhen3x7/.pico-sdk/sdk/2.1.1/src/rp2_common/hardware_exception/exception.c.obj
 .text.set_raw_exception_handler_and_restore_interrupts
                0x10006fec       0x18 CMakeFiles/pico-freertos.dir/C_/Users/hexzhen3x7/.pico-sdk/sdk/2.1.1/src/rp2_common/hardware_exception/exception.c.obj
 .text.exception_get_vtable_handler
                0x10007004       0x10 CMakeFiles/pico-freertos.dir/C_/Users/hexzhen3x7/.pico-sdk/sdk/2.1.1/src/rp2_common/hardware_exception/exception.c.obj
                0x10007004                exception_get_vtable_handler
 .text.exception_set_exclusive_handler
                0x10007014       0x44 CMakeFiles/pico-freertos.dir/C_/Users/hexzhen3x7/.pico-sdk/sdk/2.1.1/src/rp2_common/hardware_exception/exception.c.obj
                0x10007014                exception_set_exclusive_handler
 .text.core1_trampoline
                0x10007058        0x2 CMakeFiles/pico-freertos.dir/C_/Users/hexzhen3x7/.pico-sdk/sdk/2.1.1/src/rp2_common/pico_multicore/multicore.c.obj
 .text.core1_wrapper
                0x1000705a        0xc CMakeFiles/pico-freertos.dir/C_/Users/hexzhen3x7/.pico-sdk/sdk/2.1.1/src/rp2_common/pico_multicore/multicore.c.obj
                0x1000705a                core1_wrapper
 .text.multicore_fifo_push_blocking
                0x10007066       0x14 CMakeFiles/pico-freertos.dir/C_/Users/hexzhen3x7/.pico-sdk/sdk/2.1.1/src/rp2_common/pico_multicore/multicore.c.obj
                0x10007066                multicore_fifo_push_blocking
 .text.multicore_fifo_pop_blocking
                0x1000707a       0x16 CMakeFiles/pico-freertos.dir/C_/Users/hexzhen3x7/.pico-sdk/sdk/2.1.1/src/rp2_common/pico_multicore/multicore.c.obj
                0x1000707a                multicore_fifo_pop_blocking
 .text.multicore_launch_core1_raw
                0x10007090       0x70 CMakeFiles/pico-freertos.dir/C_/Users/hexzhen3x7/.pico-sdk/sdk/2.1.1/src/rp2_common/pico_multicore/multicore.c.obj
                0x10007090                multicore_launch_core1_raw
 .text.multicore_launch_core1_with_stack
                0x10007100       0x50 CMakeFiles/pico-freertos.dir/C_/Users/hexzhen3x7/.pico-sdk/sdk/2.1.1/src/rp2_common/pico_multicore/multicore.c.obj
                0x10007100                multicore_launch_core1_with_stack
 .text.multicore_launch_core1
                0x10007150       0x24 CMakeFiles/pico-freertos.dir/C_/Users/hexzhen3x7/.pico-sdk/sdk/2.1.1/src/rp2_common/pico_multicore/multicore.c.obj
                0x10007150                multicore_launch_core1
 .text.prvHeapInit
                0x10007174       0x64 CMakeFiles/pico-freertos.dir/freertos/portable/MemMang/heap_4.c.obj
 .text.prvInsertBlockIntoFreeList
                0x100071d8       0x54 CMakeFiles/pico-freertos.dir/freertos/portable/MemMang/heap_4.c.obj
 .text.pvPortMalloc
                0x1000722c      0x128 CMakeFiles/pico-freertos.dir/freertos/portable/MemMang/heap_4.c.obj
                0x1000722c                pvPortMalloc
 .text.vPortFree
                0x10007354       0x80 CMakeFiles/pico-freertos.dir/freertos/portable/MemMang/heap_4.c.obj
                0x10007354                vPortFree
 .text.malloc   0x100073d4       0x14 C:/Users/hexzhen3x7/.pico-sdk/toolchain/14_2_Rel1/bin/../lib/gcc/arm-none-eabi/14.2.1/thumb/v6-m/nofp\libg.a(libc_a-malloc.o)
                0x100073d4                malloc
 .text.free     0x100073e8       0x14 C:/Users/hexzhen3x7/.pico-sdk/toolchain/14_2_Rel1/bin/../lib/gcc/arm-none-eabi/14.2.1/thumb/v6-m/nofp\libg.a(libc_a-malloc.o)
                0x100073e8                free
 .text._malloc_r
                0x100073fc      0x5cc C:/Users/hexzhen3x7/.pico-sdk/toolchain/14_2_Rel1/bin/../lib/gcc/arm-none-eabi/14.2.1/thumb/v6-m/nofp\libg.a(libc_a-mallocr.o)
                0x100073fc                _malloc_r
 .text.__malloc_lock
                0x100079c8       0x10 C:/Users/hexzhen3x7/.pico-sdk/toolchain/14_2_Rel1/bin/../lib/gcc/arm-none-eabi/14.2.1/thumb/v6-m/nofp\libg.a(libc_a-mlock.o)
                0x100079c8                __malloc_lock
 .text.__malloc_unlock
                0x100079d8       0x10 C:/Users/hexzhen3x7/.pico-sdk/toolchain/14_2_Rel1/bin/../lib/gcc/arm-none-eabi/14.2.1/thumb/v6-m/nofp\libg.a(libc_a-mlock.o)
                0x100079d8                __malloc_unlock
 .text._sbrk_r  0x100079e8       0x24 C:/Users/hexzhen3x7/.pico-sdk/toolchain/14_2_Rel1/bin/../lib/gcc/arm-none-eabi/14.2.1/thumb/v6-m/nofp\libg.a(libc_a-sbrkr.o)
                0x100079e8                _sbrk_r
 .text.__errno  0x10007a0c        0xc C:/Users/hexzhen3x7/.pico-sdk/toolchain/14_2_Rel1/bin/../lib/gcc/arm-none-eabi/14.2.1/thumb/v6-m/nofp\libg.a(libc_a-errno.o)
                0x10007a0c                __errno
 .text.__retarget_lock_acquire_recursive
                0x10007a18        0x4 C:/Users/hexzhen3x7/.pico-sdk/toolchain/14_2_Rel1/bin/../lib/gcc/arm-none-eabi/14.2.1/thumb/v6-m/nofp\libg.a(libc_a-lock.o)
                0x10007a18                __retarget_lock_acquire_recursive
 .text.__retarget_lock_release_recursive
                0x10007a1c        0x4 C:/Users/hexzhen3x7/.pico-sdk/toolchain/14_2_Rel1/bin/../lib/gcc/arm-none-eabi/14.2.1/thumb/v6-m/nofp\libg.a(libc_a-lock.o)
                0x10007a1c                __retarget_lock_release_recursive
 .text.sysconf  0x10007a20       0x1c C:/Users/hexzhen3x7/.pico-sdk/toolchain/14_2_Rel1/bin/../lib/gcc/arm-none-eabi/14.2.1/thumb/v6-m/nofp\libg.a(libc_a-sysconf.o)
                0x10007a20                sysconf
 .text.strlen   0x10007a3c       0x5c C:/Users/hexzhen3x7/.pico-sdk/toolchain/14_2_Rel1/bin/../lib/gcc/arm-none-eabi/14.2.1/thumb/v6-m/nofp\libg.a(libc_a-strlen-stub.o)
                0x10007a3c                strlen
 .text._malloc_trim_r
                0x10007a98       0xb4 C:/Users/hexzhen3x7/.pico-sdk/toolchain/14_2_Rel1/bin/../lib/gcc/arm-none-eabi/14.2.1/thumb/v6-m/nofp\libg.a(libc_a-freer.o)
                0x10007a98                _malloc_trim_r
 .text._free_r  0x10007b4c      0x1f0 C:/Users/hexzhen3x7/.pico-sdk/toolchain/14_2_Rel1/bin/../lib/gcc/arm-none-eabi/14.2.1/thumb/v6-m/nofp\libg.a(libc_a-freer.o)
                0x10007b4c                _free_r
 *(.fini)
 .fini          0x10007d3c        0x4 C:/Users/hexzhen3x7/.pico-sdk/toolchain/14_2_Rel1/bin/../lib/gcc/arm-none-eabi/14.2.1/thumb/v6-m/nofp/crti.o
                0x10007d3c                _fini
 .fini.__stub   0x10007d40       0x50 linker stubs
 *crtbegin.o(.ctors)
 *crtbegin?.o(.ctors)
 *(EXCLUDE_FILE(*crtend.o *crtend?.o) .ctors)
 *(SORT_BY_NAME(.ctors.*))
 *(.ctors)
 *crtbegin.o(.dtors)
 *crtbegin?.o(.dtors)
 *(EXCLUDE_FILE(*crtend.o *crtend?.o) .dtors)
 *(SORT_BY_NAME(.dtors.*))
 *(.dtors)
                0x10007d90                        . = ALIGN (0x4)
                0x10007d90                        PROVIDE (__preinit_array_start = .)
 *(SORT_BY_NAME(.preinit_array.*))
 .preinit_array.00100
                0x10007d90        0x4 CMakeFiles/pico-freertos.dir/C_/Users/hexzhen3x7/.pico-sdk/sdk/2.1.1/src/rp2_common/pico_runtime_init/runtime_init.c.obj
                0x10007d90                __pre_init_runtime_init_early_resets
 .preinit_array.00101
                0x10007d94        0x4 CMakeFiles/pico-freertos.dir/C_/Users/hexzhen3x7/.pico-sdk/sdk/2.1.1/src/rp2_common/pico_runtime_init/runtime_init.c.obj
                0x10007d94                __pre_init_runtime_init_usb_power_down
 .preinit_array.00275
                0x10007d98        0x4 CMakeFiles/pico-freertos.dir/C_/Users/hexzhen3x7/.pico-sdk/sdk/2.1.1/src/rp2_common/pico_bit_ops/bit_ops_aeabi.S.obj
 .preinit_array.00300
                0x10007d9c        0x4 CMakeFiles/pico-freertos.dir/C_/Users/hexzhen3x7/.pico-sdk/sdk/2.1.1/src/rp2_common/pico_mem_ops/mem_ops_aeabi.S.obj
 .preinit_array.00350
                0x10007da0        0x4 CMakeFiles/pico-freertos.dir/C_/Users/hexzhen3x7/.pico-sdk/sdk/2.1.1/src/rp2_common/pico_double/double_aeabi_rp2040.S.obj
 .preinit_array.00350
                0x10007da4        0x4 CMakeFiles/pico-freertos.dir/C_/Users/hexzhen3x7/.pico-sdk/sdk/2.1.1/src/rp2_common/pico_float/float_aeabi_rp2040.S.obj
 .preinit_array.00500
                0x10007da8        0x4 CMakeFiles/pico-freertos.dir/C_/Users/hexzhen3x7/.pico-sdk/sdk/2.1.1/src/rp2_common/pico_runtime_init/runtime_init.c.obj
                0x10007da8                __pre_init_runtime_init_clocks
 .preinit_array.00600
                0x10007dac        0x4 CMakeFiles/pico-freertos.dir/C_/Users/hexzhen3x7/.pico-sdk/sdk/2.1.1/src/rp2_common/pico_runtime_init/runtime_init.c.obj
                0x10007dac                __pre_init_runtime_init_post_clock_resets
 .preinit_array.00700
                0x10007db0        0x4 CMakeFiles/pico-freertos.dir/C_/Users/hexzhen3x7/.pico-sdk/sdk/2.1.1/src/rp2_common/pico_runtime_init/runtime_init.c.obj
                0x10007db0                __pre_init_runtime_init_rp2040_gpio_ie_disable
 .preinit_array.01000
                0x10007db4        0x4 CMakeFiles/pico-freertos.dir/C_/Users/hexzhen3x7/.pico-sdk/sdk/2.1.1/src/rp2_common/pico_runtime_init/runtime_init.c.obj
                0x10007db4                __pre_init_runtime_init_spin_locks_reset
 .preinit_array.01100
                0x10007db8        0x4 CMakeFiles/pico-freertos.dir/C_/Users/hexzhen3x7/.pico-sdk/sdk/2.1.1/src/common/pico_sync/mutex.c.obj
                0x10007db8                __pre_init_runtime_init_mutex
 .preinit_array.10080
                0x10007dbc        0x4 CMakeFiles/pico-freertos.dir/C_/Users/hexzhen3x7/.pico-sdk/sdk/2.1.1/src/rp2_common/pico_runtime_init/runtime_init.c.obj
                0x10007dbc                __pre_init_runtime_init_install_ram_vector_table
 .preinit_array.11000
                0x10007dc0        0x4 CMakeFiles/pico-freertos.dir/C_/Users/hexzhen3x7/.pico-sdk/sdk/2.1.1/src/common/pico_time/time.c.obj
                0x10007dc0                __pre_init_runtime_init_default_alarm_pool
 .preinit_array.YYYYY
                0x10007dc4        0x4 CMakeFiles/pico-freertos.dir/C_/Users/hexzhen3x7/.pico-sdk/sdk/2.1.1/src/rp2_common/pico_runtime/runtime.c.obj
                0x10007dc4                __pre_init_first_per_core_initializer
 .preinit_array.ZZZZZ.01200
                0x10007dc8        0x4 CMakeFiles/pico-freertos.dir/C_/Users/hexzhen3x7/.pico-sdk/sdk/2.1.1/src/rp2_common/hardware_irq/irq.c.obj
                0x10007dc8                __pre_init_runtime_init_per_core_irq_priorities
 *(.preinit_array)
                0x10007dcc                        PROVIDE (__preinit_array_end = .)
                0x10007dcc                        . = ALIGN (0x4)
                0x10007dcc                        PROVIDE (__init_array_start = .)
 *(SORT_BY_NAME(.init_array.*))
 *(.init_array)
 .init_array    0x10007dcc        0x4 C:/Users/hexzhen3x7/.pico-sdk/toolchain/14_2_Rel1/bin/../lib/gcc/arm-none-eabi/14.2.1/thumb/v6-m/nofp/crtbegin.o
 .init_array    0x10007dd0        0x4 CMakeFiles/pico-freertos.dir/freertos/portable/ThirdParty/GCC/RP2040/port.c.obj
                0x10007dd4                        PROVIDE (__init_array_end = .)
                0x10007dd4                        . = ALIGN (0x4)
                [!provide]                        PROVIDE (__fini_array_start = .)
 *(SORT_BY_NAME(.fini_array.*))
 *(.fini_array)
                [!provide]                        PROVIDE (__fini_array_end = .)
 *(.eh_frame*)
 .eh_frame      0x10007dd4        0x0 C:/Users/hexzhen3x7/.pico-sdk/toolchain/14_2_Rel1/bin/../lib/gcc/arm-none-eabi/14.2.1/thumb/v6-m/nofp/crtbegin.o
                0x10007dd4                        . = ALIGN (0x4)

.glue_7         0x10007dd4        0x0
 .glue_7        0x10007dd4        0x0 linker stubs

.glue_7t        0x10007dd4        0x0
 .glue_7t       0x10007dd4        0x0 linker stubs

.vfp11_veneer   0x10007dd4        0x0
 .vfp11_veneer  0x10007dd4        0x0 linker stubs

.v4_bx          0x10007dd4        0x0
 .v4_bx         0x10007dd4        0x0 linker stubs

.iplt           0x10007dd4        0x0
 .iplt          0x10007dd4        0x0 C:/Users/hexzhen3x7/.pico-sdk/toolchain/14_2_Rel1/bin/../lib/gcc/arm-none-eabi/14.2.1/thumb/v6-m/nofp/crtbegin.o

.rodata         0x10007dd8     0x20c8
 *(EXCLUDE_FILE(*libm.a: *libc.a:*lib_a-mem*.o *libgcc.a:) .rodata*)
 .rodata.vBlinkTask.str1.4
                0x10007dd8     0x170b CMakeFiles/pico-freertos.dir/src/main.c.obj
                                 0x11 (size before relaxing)
 .rodata.vLcd1602Task.str1.4
                0x100094e3       0x40 CMakeFiles/pico-freertos.dir/src/main.c.obj
 .rodata.vSsd1306Task.str1.4
                0x100094e3       0x6f CMakeFiles/pico-freertos.dir/src/main.c.obj
 .rodata.main.str1.4
                0x100094e3      0x131 CMakeFiles/pico-freertos.dir/src/main.c.obj
 *fill*         0x100094e3        0x1 
 .rodata.font   0x100094e4      0x128 CMakeFiles/pico-freertos.dir/src/ssd1306_i2c.c.obj
 .rodata        0x1000960c       0x1a CMakeFiles/pico-freertos.dir/src/ssd1306_i2c.c.obj
 .rodata.panic.str1.4
                0x10009626       0x12 CMakeFiles/pico-freertos.dir/C_/Users/hexzhen3x7/.pico-sdk/sdk/2.1.1/src/rp2_common/pico_platform_panic/panic.c.obj
 .rodata.panic_unsupported.str1.4
                0x10009626        0xe CMakeFiles/pico-freertos.dir/C_/Users/hexzhen3x7/.pico-sdk/sdk/2.1.1/src/rp2_common/pico_platform_panic/panic.c.obj
 .rodata.spin_lock_claim.str1.4
                0x10009626       0x1f CMakeFiles/pico-freertos.dir/C_/Users/hexzhen3x7/.pico-sdk/sdk/2.1.1/src/rp2_common/hardware_sync/sync.c.obj
 .rodata.resolve_j_16.str1.4
                0x10009626       0x62 CMakeFiles/pico-freertos.dir/C_/Users/hexzhen3x7/.pico-sdk/sdk/2.1.1/src/rp2_common/hardware_irq/irq.c.obj
 .rodata.make_j_16.str1.4
                0x10009626       0x30 CMakeFiles/pico-freertos.dir/C_/Users/hexzhen3x7/.pico-sdk/sdk/2.1.1/src/rp2_common/hardware_irq/irq.c.obj
 .rodata.insert_bl_32.str1.4
                0x10009626       0x10 CMakeFiles/pico-freertos.dir/C_/Users/hexzhen3x7/.pico-sdk/sdk/2.1.1/src/rp2_common/hardware_irq/irq.c.obj
 .rodata.irq_set_exclusive_handler.str1.4
                0x10009626       0x36 CMakeFiles/pico-freertos.dir/C_/Users/hexzhen3x7/.pico-sdk/sdk/2.1.1/src/rp2_common/hardware_irq/irq.c.obj
 .rodata.irq_remove_handler.str1.4
                0x10009626       0x3a CMakeFiles/pico-freertos.dir/C_/Users/hexzhen3x7/.pico-sdk/sdk/2.1.1/src/rp2_common/hardware_irq/irq.c.obj
 .rodata.irq_add_tail_to_free_list.str1.4
                0x10009626       0x3a CMakeFiles/pico-freertos.dir/C_/Users/hexzhen3x7/.pico-sdk/sdk/2.1.1/src/rp2_common/hardware_irq/irq.c.obj
 *fill*         0x10009626        0x2 
 .rodata.__func__.0
                0x10009628       0x1a CMakeFiles/pico-freertos.dir/C_/Users/hexzhen3x7/.pico-sdk/sdk/2.1.1/src/rp2_common/hardware_irq/irq.c.obj
 *fill*         0x10009642        0x2 
 .rodata.__func__.1
                0x10009644        0xd CMakeFiles/pico-freertos.dir/C_/Users/hexzhen3x7/.pico-sdk/sdk/2.1.1/src/rp2_common/hardware_irq/irq.c.obj
 *fill*         0x10009651        0x3 
 .rodata.__func__.2
                0x10009654       0x13 CMakeFiles/pico-freertos.dir/C_/Users/hexzhen3x7/.pico-sdk/sdk/2.1.1/src/rp2_common/hardware_irq/irq.c.obj
 *fill*         0x10009667        0x1 
 .rodata.__func__.3
                0x10009668        0xa CMakeFiles/pico-freertos.dir/C_/Users/hexzhen3x7/.pico-sdk/sdk/2.1.1/src/rp2_common/hardware_irq/irq.c.obj
 *fill*         0x10009672        0x2 
 .rodata.__func__.4
                0x10009674        0xd CMakeFiles/pico-freertos.dir/C_/Users/hexzhen3x7/.pico-sdk/sdk/2.1.1/src/rp2_common/hardware_irq/irq.c.obj
 *fill*         0x10009681        0x3 
 .rodata.__func__.6
                0x10009684       0x1a CMakeFiles/pico-freertos.dir/C_/Users/hexzhen3x7/.pico-sdk/sdk/2.1.1/src/rp2_common/hardware_irq/irq.c.obj
 .rodata.runtime_init_mutex.str1.4
                0x1000969e       0x65 CMakeFiles/pico-freertos.dir/C_/Users/hexzhen3x7/.pico-sdk/sdk/2.1.1/src/common/pico_sync/mutex.c.obj
 .rodata.str1.4
                0x1000969e       0x51 CMakeFiles/pico-freertos.dir/C_/Users/hexzhen3x7/.pico-sdk/sdk/2.1.1/src/common/pico_sync/mutex.c.obj
 *fill*         0x1000969e        0x2 
 .rodata.__func__.1
                0x100096a0        0xb CMakeFiles/pico-freertos.dir/C_/Users/hexzhen3x7/.pico-sdk/sdk/2.1.1/src/common/pico_sync/mutex.c.obj
 *fill*         0x100096ab        0x1 
 .rodata.__func__.3
                0x100096ac       0x18 CMakeFiles/pico-freertos.dir/C_/Users/hexzhen3x7/.pico-sdk/sdk/2.1.1/src/common/pico_sync/mutex.c.obj
 .rodata.__func__.6
                0x100096c4       0x13 CMakeFiles/pico-freertos.dir/C_/Users/hexzhen3x7/.pico-sdk/sdk/2.1.1/src/common/pico_sync/mutex.c.obj
 .rodata.alarm_pool_irq_handler.str1.4
                0x100096d7       0x70 CMakeFiles/pico-freertos.dir/C_/Users/hexzhen3x7/.pico-sdk/sdk/2.1.1/src/common/pico_time/time.c.obj
 .rodata.alarm_pool_get_default.str1.4
                0x100096d7       0x21 CMakeFiles/pico-freertos.dir/C_/Users/hexzhen3x7/.pico-sdk/sdk/2.1.1/src/common/pico_time/time.c.obj
 .rodata.sleep_until.str1.4
                0x100096d7       0x4d CMakeFiles/pico-freertos.dir/C_/Users/hexzhen3x7/.pico-sdk/sdk/2.1.1/src/common/pico_time/time.c.obj
 *fill*         0x100096d7        0x1 
 .rodata.__func__.1
                0x100096d8       0x17 CMakeFiles/pico-freertos.dir/C_/Users/hexzhen3x7/.pico-sdk/sdk/2.1.1/src/common/pico_time/time.c.obj
 *fill*         0x100096ef        0x1 
 .rodata.__func__.2
                0x100096f0       0x17 CMakeFiles/pico-freertos.dir/C_/Users/hexzhen3x7/.pico-sdk/sdk/2.1.1/src/common/pico_time/time.c.obj
 .rodata.timer_hardware_alarm_claim.str1.4
                0x10009707       0x22 CMakeFiles/pico-freertos.dir/C_/Users/hexzhen3x7/.pico-sdk/sdk/2.1.1/src/rp2_common/hardware_timer/timer.c.obj
 .rodata.pll_init.str1.4
                0x10009707      0x120 CMakeFiles/pico-freertos.dir/C_/Users/hexzhen3x7/.pico-sdk/sdk/2.1.1/src/rp2_common/hardware_pll/pll.c.obj
 *fill*         0x10009707        0x1 
 .rodata.__func__.0
                0x10009708        0x9 CMakeFiles/pico-freertos.dir/C_/Users/hexzhen3x7/.pico-sdk/sdk/2.1.1/src/rp2_common/hardware_pll/pll.c.obj
 .rodata.__aeabi_double_init.str1.4
                0x10009711       0xa0 CMakeFiles/pico-freertos.dir/C_/Users/hexzhen3x7/.pico-sdk/sdk/2.1.1/src/rp2_common/pico_double/double_init_rom_rp2040.c.obj
 *fill*         0x10009711        0x3 
 .rodata.__func__.0
                0x10009714       0x14 CMakeFiles/pico-freertos.dir/C_/Users/hexzhen3x7/.pico-sdk/sdk/2.1.1/src/rp2_common/pico_double/double_init_rom_rp2040.c.obj
 .rodata.__aeabi_float_init.str1.4
                0x10009728       0x92 CMakeFiles/pico-freertos.dir/C_/Users/hexzhen3x7/.pico-sdk/sdk/2.1.1/src/rp2_common/pico_float/float_init_rom_rp2040.c.obj
 .rodata.__func__.0
                0x10009728       0x13 CMakeFiles/pico-freertos.dir/C_/Users/hexzhen3x7/.pico-sdk/sdk/2.1.1/src/rp2_common/pico_float/float_init_rom_rp2040.c.obj
 .rodata.check_alloc.str1.4
                0x1000973b        0xe CMakeFiles/pico-freertos.dir/C_/Users/hexzhen3x7/.pico-sdk/sdk/2.1.1/src/rp2_common/pico_malloc/malloc.c.obj
 .rodata.str1.4
                0x1000973b       0x44 CMakeFiles/pico-freertos.dir/C_/Users/hexzhen3x7/.pico-sdk/sdk/2.1.1/src/rp2_common/pico_standard_binary_info/standard_binary_info.c.obj
 *fill*         0x1000973b        0x1 
 .rodata.__bi_84
                0x1000973c        0xc CMakeFiles/pico-freertos.dir/C_/Users/hexzhen3x7/.pico-sdk/sdk/2.1.1/src/rp2_common/pico_standard_binary_info/standard_binary_info.c.obj
 .rodata.__bi_78
                0x10009748        0xc CMakeFiles/pico-freertos.dir/C_/Users/hexzhen3x7/.pico-sdk/sdk/2.1.1/src/rp2_common/pico_standard_binary_info/standard_binary_info.c.obj
 .rodata.__bi_54
                0x10009754        0xc CMakeFiles/pico-freertos.dir/C_/Users/hexzhen3x7/.pico-sdk/sdk/2.1.1/src/rp2_common/pico_standard_binary_info/standard_binary_info.c.obj
 .rodata.__bi_48
                0x10009760        0xc CMakeFiles/pico-freertos.dir/C_/Users/hexzhen3x7/.pico-sdk/sdk/2.1.1/src/rp2_common/pico_standard_binary_info/standard_binary_info.c.obj
 .rodata.__bi_42
                0x1000976c        0xc CMakeFiles/pico-freertos.dir/C_/Users/hexzhen3x7/.pico-sdk/sdk/2.1.1/src/rp2_common/pico_standard_binary_info/standard_binary_info.c.obj
 .rodata.__bi_34
                0x10009778        0xc CMakeFiles/pico-freertos.dir/C_/Users/hexzhen3x7/.pico-sdk/sdk/2.1.1/src/rp2_common/pico_standard_binary_info/standard_binary_info.c.obj
 .rodata.__bi_26
                0x10009784        0xc CMakeFiles/pico-freertos.dir/C_/Users/hexzhen3x7/.pico-sdk/sdk/2.1.1/src/rp2_common/pico_standard_binary_info/standard_binary_info.c.obj
 .rodata._ftoa.str1.4
                0x10009790       0x15 CMakeFiles/pico-freertos.dir/C_/Users/hexzhen3x7/.pico-sdk/sdk/2.1.1/src/rp2_common/pico_printf/printf.c.obj
 .rodata._vsnprintf
                0x10009790      0x19c CMakeFiles/pico-freertos.dir/C_/Users/hexzhen3x7/.pico-sdk/sdk/2.1.1/src/rp2_common/pico_printf/printf.c.obj
 *fill*         0x1000992c        0x4 
 .rodata.pow10.0
                0x10009930       0x50 CMakeFiles/pico-freertos.dir/C_/Users/hexzhen3x7/.pico-sdk/sdk/2.1.1/src/rp2_common/pico_printf/printf.c.obj
 .rodata.__assert_func.str1.4
                0x10009980       0x43 CMakeFiles/pico-freertos.dir/C_/Users/hexzhen3x7/.pico-sdk/sdk/2.1.1/src/rp2_common/pico_clib_interface/newlib_interface.c.obj
 .rodata.crlf_str.0
                0x10009980        0x2 CMakeFiles/pico-freertos.dir/C_/Users/hexzhen3x7/.pico-sdk/sdk/2.1.1/src/rp2_common/pico_stdio/stdio.c.obj
 .rodata.str1.4
                0x10009982       0x2c CMakeFiles/pico-freertos.dir/C_/Users/hexzhen3x7/.pico-sdk/sdk/2.1.1/src/rp2_common/pico_stdio_uart/stdio_uart.c.obj
 *fill*         0x10009982        0x2 
 .rodata.__bi_45.4
                0x10009984        0xc CMakeFiles/pico-freertos.dir/C_/Users/hexzhen3x7/.pico-sdk/sdk/2.1.1/src/rp2_common/pico_stdio_uart/stdio_uart.c.obj
 .rodata.__bi_49.5
                0x10009990        0x8 CMakeFiles/pico-freertos.dir/C_/Users/hexzhen3x7/.pico-sdk/sdk/2.1.1/src/rp2_common/pico_stdio_uart/stdio_uart.c.obj
 .rodata.__bi_50.6
                0x10009998        0x8 CMakeFiles/pico-freertos.dir/C_/Users/hexzhen3x7/.pico-sdk/sdk/2.1.1/src/rp2_common/pico_stdio_uart/stdio_uart.c.obj
 .rodata.i2c_set_baudrate.str1.4
                0x100099a0       0x6a CMakeFiles/pico-freertos.dir/C_/Users/hexzhen3x7/.pico-sdk/sdk/2.1.1/src/rp2_common/hardware_i2c/i2c.c.obj
 .rodata.__func__.0
                0x100099a0       0x11 CMakeFiles/pico-freertos.dir/C_/Users/hexzhen3x7/.pico-sdk/sdk/2.1.1/src/rp2_common/hardware_i2c/i2c.c.obj
 .rodata.vPortYield.str1.4
                0x100099b1       0x8b CMakeFiles/pico-freertos.dir/freertos/portable/ThirdParty/GCC/RP2040/port.c.obj
 .rodata.vYieldCore.str1.4
                0x100099b1       0x1a CMakeFiles/pico-freertos.dir/freertos/portable/ThirdParty/GCC/RP2040/port.c.obj
 .rodata.xPortStartScheduler.str1.4
                0x100099b1       0x30 CMakeFiles/pico-freertos.dir/freertos/portable/ThirdParty/GCC/RP2040/port.c.obj
 .rodata.vPortLockInternalSpinUnlockWithWait.str1.4
                0x100099b1       0x72 CMakeFiles/pico-freertos.dir/freertos/portable/ThirdParty/GCC/RP2040/port.c.obj
 *fill*         0x100099b1        0x3 
 .rodata.__func__.0
                0x100099b4       0x37 CMakeFiles/pico-freertos.dir/freertos/portable/ThirdParty/GCC/RP2040/port.c.obj
 *fill*         0x100099eb        0x1 
 .rodata.__func__.1
                0x100099ec       0x24 CMakeFiles/pico-freertos.dir/freertos/portable/ThirdParty/GCC/RP2040/port.c.obj
 .rodata.__func__.2
                0x10009a10        0xb CMakeFiles/pico-freertos.dir/freertos/portable/ThirdParty/GCC/RP2040/port.c.obj
 *fill*         0x10009a1b        0x1 
 .rodata.__func__.3
                0x10009a1c        0xb CMakeFiles/pico-freertos.dir/freertos/portable/ThirdParty/GCC/RP2040/port.c.obj
 *fill*         0x10009a27        0x1 
 .rodata.__func__.4
                0x10009a28       0x14 CMakeFiles/pico-freertos.dir/freertos/portable/ThirdParty/GCC/RP2040/port.c.obj
 .rodata.xEventGroupWaitBits.str1.4
                0x10009a3c       0xe3 CMakeFiles/pico-freertos.dir/freertos/event_groups.c.obj
 .rodata.xEventGroupSetBits.str1.4
                0x10009a3c       0x24 CMakeFiles/pico-freertos.dir/freertos/event_groups.c.obj
 .rodata.__func__.1
                0x10009a3c       0x13 CMakeFiles/pico-freertos.dir/freertos/event_groups.c.obj
 *fill*         0x10009a4f        0x1 
 .rodata.__func__.3
                0x10009a50       0x14 CMakeFiles/pico-freertos.dir/freertos/event_groups.c.obj
 .rodata.prvNotifyQueueSetContainer.str1.4
                0x10009a64       0xba CMakeFiles/pico-freertos.dir/freertos/queue.c.obj
 .rodata.xQueueGenericReset.str1.4
                0x10009a64        0x8 CMakeFiles/pico-freertos.dir/freertos/queue.c.obj
 .rodata.xQueueGenericCreate.str1.4
                0x10009a64       0xb2 CMakeFiles/pico-freertos.dir/freertos/queue.c.obj
 .rodata.xQueueGenericSend.str1.4
                0x10009a64       0xfb CMakeFiles/pico-freertos.dir/freertos/queue.c.obj
 .rodata.xQueueReceive.str1.4
                0x10009a64       0x66 CMakeFiles/pico-freertos.dir/freertos/queue.c.obj
 .rodata.uxQueueMessagesWaiting.str1.4
                0x10009a64        0x7 CMakeFiles/pico-freertos.dir/freertos/queue.c.obj
 .rodata.vQueueAddToRegistry.str1.4
                0x10009a64        0xc CMakeFiles/pico-freertos.dir/freertos/queue.c.obj
 .rodata.__func__.2
                0x10009a64       0x14 CMakeFiles/pico-freertos.dir/freertos/queue.c.obj
 .rodata.__func__.13
                0x10009a78        0xe CMakeFiles/pico-freertos.dir/freertos/queue.c.obj
 *fill*         0x10009a86        0x2 
 .rodata.__func__.15
                0x10009a88       0x19 CMakeFiles/pico-freertos.dir/freertos/queue.c.obj
 *fill*         0x10009aa1        0x3 
 .rodata.__func__.16
                0x10009aa4       0x1b CMakeFiles/pico-freertos.dir/freertos/queue.c.obj
 *fill*         0x10009abf        0x1 
 .rodata.__func__.17
                0x10009ac0       0x12 CMakeFiles/pico-freertos.dir/freertos/queue.c.obj
 *fill*         0x10009ad2        0x2 
 .rodata.__func__.23
                0x10009ad4       0x14 CMakeFiles/pico-freertos.dir/freertos/queue.c.obj
 .rodata.__func__.24
                0x10009ae8       0x13 CMakeFiles/pico-freertos.dir/freertos/queue.c.obj
 .rodata.prvTaskIsTaskSuspended.str1.4
                0x10009afb       0x45 CMakeFiles/pico-freertos.dir/freertos/tasks.c.obj
 .rodata.vPortRecursiveLock.str1.4
                0x10009afb      0x143 CMakeFiles/pico-freertos.dir/freertos/tasks.c.obj
 .rodata.prvSelectHighestPriorityTask.str1.4
                0x10009afb      0x189 CMakeFiles/pico-freertos.dir/freertos/tasks.c.obj
 .rodata.prvYieldForTask.str1.4
                0x10009afb       0x34 CMakeFiles/pico-freertos.dir/freertos/tasks.c.obj
 .rodata.xTaskRemoveFromEventList.str1.4
                0x10009afb        0xf CMakeFiles/pico-freertos.dir/freertos/tasks.c.obj
 .rodata.prvCheckForRunStateChange.str1.4
                0x10009afb       0xe9 CMakeFiles/pico-freertos.dir/freertos/tasks.c.obj
 .rodata.vTaskSwitchContext.str1.4
                0x10009afb       0x34 CMakeFiles/pico-freertos.dir/freertos/tasks.c.obj
 .rodata.vTaskPlaceOnEventList.str1.4
                0x10009afb        0xc CMakeFiles/pico-freertos.dir/freertos/tasks.c.obj
 .rodata.vTaskPlaceOnUnorderedEventList.str1.4
                0x10009afb       0x1a CMakeFiles/pico-freertos.dir/freertos/tasks.c.obj
 .rodata.xTaskPriorityDisinherit.str1.4
                0x10009afb       0x3d CMakeFiles/pico-freertos.dir/freertos/tasks.c.obj
 .rodata.prvCreateIdleTasks.str1.4
                0x10009afb        0x5 CMakeFiles/pico-freertos.dir/freertos/tasks.c.obj
 .rodata.vTaskStartScheduler.str1.4
                0x10009afb       0x12 CMakeFiles/pico-freertos.dir/freertos/tasks.c.obj
 .rodata.xTaskIncrementTick.str1.4
                0x10009afb       0x76 CMakeFiles/pico-freertos.dir/freertos/tasks.c.obj
 .rodata.xTaskResumeAll.str1.4
                0x10009afb       0x15 CMakeFiles/pico-freertos.dir/freertos/tasks.c.obj
 .rodata.xTaskDelayUntil.str1.4
                0x10009afb       0x46 CMakeFiles/pico-freertos.dir/freertos/tasks.c.obj
 .rodata.vTaskRemoveFromUnorderedEventList.str1.4
                0x10009afb       0x2d CMakeFiles/pico-freertos.dir/freertos/tasks.c.obj
 .rodata.vTaskSetTimeOutState.str1.4
                0x10009afb        0xa CMakeFiles/pico-freertos.dir/freertos/tasks.c.obj
 .rodata.xTaskCheckForTimeOut.str1.4
                0x10009afb        0xe CMakeFiles/pico-freertos.dir/freertos/tasks.c.obj
 *fill*         0x10009afb        0x1 
 .rodata.__func__.6
                0x10009afc       0x12 CMakeFiles/pico-freertos.dir/freertos/tasks.c.obj
 *fill*         0x10009b0e        0x2 
 .rodata.__func__.8
                0x10009b10       0x18 CMakeFiles/pico-freertos.dir/freertos/tasks.c.obj
 .rodata.__func__.10
                0x10009b28       0x15 CMakeFiles/pico-freertos.dir/freertos/tasks.c.obj
 *fill*         0x10009b3d        0x3 
 .rodata.__func__.12
                0x10009b40       0x22 CMakeFiles/pico-freertos.dir/freertos/tasks.c.obj
 *fill*         0x10009b62        0x2 
 .rodata.__func__.13
                0x10009b64       0x19 CMakeFiles/pico-freertos.dir/freertos/tasks.c.obj
 *fill*         0x10009b7d        0x3 
 .rodata.__func__.14
                0x10009b80       0x20 CMakeFiles/pico-freertos.dir/freertos/tasks.c.obj
 .rodata.__func__.15
                0x10009ba0       0x1f CMakeFiles/pico-freertos.dir/freertos/tasks.c.obj
 *fill*         0x10009bbf        0x1 
 .rodata.__func__.16
                0x10009bc0       0x16 CMakeFiles/pico-freertos.dir/freertos/tasks.c.obj
 *fill*         0x10009bd6        0x2 
 .rodata.__func__.17
                0x10009bd8       0x1d CMakeFiles/pico-freertos.dir/freertos/tasks.c.obj
 *fill*         0x10009bf5        0x3 
 .rodata.__func__.18
                0x10009bf8       0x13 CMakeFiles/pico-freertos.dir/freertos/tasks.c.obj
 *fill*         0x10009c0b        0x1 
 .rodata.__func__.19
                0x10009c0c       0x13 CMakeFiles/pico-freertos.dir/freertos/tasks.c.obj
 *fill*         0x10009c1f        0x1 
 .rodata.__func__.24
                0x10009c20        0xf CMakeFiles/pico-freertos.dir/freertos/tasks.c.obj
 *fill*         0x10009c2f        0x1 
 .rodata.__func__.25
                0x10009c30       0x1a CMakeFiles/pico-freertos.dir/freertos/tasks.c.obj
 *fill*         0x10009c4a        0x2 
 .rodata.__func__.28
                0x10009c4c       0x13 CMakeFiles/pico-freertos.dir/freertos/tasks.c.obj
 *fill*         0x10009c5f        0x1 
 .rodata.__func__.29
                0x10009c60       0x14 CMakeFiles/pico-freertos.dir/freertos/tasks.c.obj
 .rodata.__func__.36
                0x10009c74        0xb CMakeFiles/pico-freertos.dir/freertos/tasks.c.obj
 *fill*         0x10009c7f        0x1 
 .rodata.__func__.39
                0x10009c80       0x10 CMakeFiles/pico-freertos.dir/freertos/tasks.c.obj
 .rodata.uxTopUsedPriority
                0x10009c90        0x4 CMakeFiles/pico-freertos.dir/freertos/tasks.c.obj
                0x10009c90                uxTopUsedPriority
 .rodata.prvCheckForValidListAndQueue.str1.4
                0x10009c94        0x5 CMakeFiles/pico-freertos.dir/freertos/timers.c.obj
 .rodata.prvInitialiseNewTimer.str1.4